Archive member included because of file (symbol)

C:\Users\kylebs\Desktop\FreeRTOS-lwIP-takeDeux\FreeRTOS-lwIP\Webserver_uIPRTOS_SC_DF\EVAL_KIT\SF_Webserver_Demo\SoftConsole\Webserver_MSS_CM3_0\Webserver_MSS_CM3_0_hw_platform\Debug\libWebserver_MSS_CM3_0_hw_platform.a(plotter_platform.o)
                              ./application_tasks/controller_task.o (numStepsX)
C:\Users\kylebs\Desktop\FreeRTOS-lwIP-takeDeux\FreeRTOS-lwIP\Webserver_uIPRTOS_SC_DF\EVAL_KIT\SF_Webserver_Demo\SoftConsole\Webserver_MSS_CM3_0\Webserver_MSS_CM3_0_hw_platform\Debug\libWebserver_MSS_CM3_0_hw_platform.a(mss_uart.o)
                              ./main.o (g_mss_uart0)
C:\Users\kylebs\Desktop\FreeRTOS-lwIP-takeDeux\FreeRTOS-lwIP\Webserver_uIPRTOS_SC_DF\EVAL_KIT\SF_Webserver_Demo\SoftConsole\Webserver_MSS_CM3_0\Webserver_MSS_CM3_0_hw_platform\Debug\libWebserver_MSS_CM3_0_hw_platform.a(mss_spi.o)
                              ./BSP/spi_flash_driver/spi_flash.o (g_mss_spi0)
C:\Users\kylebs\Desktop\FreeRTOS-lwIP-takeDeux\FreeRTOS-lwIP\Webserver_uIPRTOS_SC_DF\EVAL_KIT\SF_Webserver_Demo\SoftConsole\Webserver_MSS_CM3_0\Webserver_MSS_CM3_0_hw_platform\Debug\libWebserver_MSS_CM3_0_hw_platform.a(mss_pdma.o)
                              ./BSP/spi_flash_driver/spi_flash.o (PDMA_init)
C:\Users\kylebs\Desktop\FreeRTOS-lwIP-takeDeux\FreeRTOS-lwIP\Webserver_uIPRTOS_SC_DF\EVAL_KIT\SF_Webserver_Demo\SoftConsole\Webserver_MSS_CM3_0\Webserver_MSS_CM3_0_hw_platform\Debug\libWebserver_MSS_CM3_0_hw_platform.a(mss_gpio.o)
                              ./main.o (MSS_GPIO_init)
C:\Users\kylebs\Desktop\FreeRTOS-lwIP-takeDeux\FreeRTOS-lwIP\Webserver_uIPRTOS_SC_DF\EVAL_KIT\SF_Webserver_Demo\SoftConsole\Webserver_MSS_CM3_0\Webserver_MSS_CM3_0_hw_platform\Debug\libWebserver_MSS_CM3_0_hw_platform.a(mss_ethernet_mac.o)
                              ./application_tasks/http_task.o (MSS_MAC_init)
C:\Users\kylebs\Desktop\FreeRTOS-lwIP-takeDeux\FreeRTOS-lwIP\Webserver_uIPRTOS_SC_DF\EVAL_KIT\SF_Webserver_Demo\SoftConsole\Webserver_MSS_CM3_0\Webserver_MSS_CM3_0_hw_platform\Debug\libWebserver_MSS_CM3_0_hw_platform.a(phy.o)
                              C:\Users\kylebs\Desktop\FreeRTOS-lwIP-takeDeux\FreeRTOS-lwIP\Webserver_uIPRTOS_SC_DF\EVAL_KIT\SF_Webserver_Demo\SoftConsole\Webserver_MSS_CM3_0\Webserver_MSS_CM3_0_hw_platform\Debug\libWebserver_MSS_CM3_0_hw_platform.a(mss_ethernet_mac.o) (PHY_probe)
C:\Users\kylebs\Desktop\FreeRTOS-lwIP-takeDeux\FreeRTOS-lwIP\Webserver_uIPRTOS_SC_DF\EVAL_KIT\SF_Webserver_Demo\SoftConsole\Webserver_MSS_CM3_0\Webserver_MSS_CM3_0_hw_platform\Debug\libWebserver_MSS_CM3_0_hw_platform.a(core_uart_apb.o)
                              ./application_tasks/controller_task.o (UART_init)
C:\Users\kylebs\Desktop\FreeRTOS-lwIP-takeDeux\FreeRTOS-lwIP\Webserver_uIPRTOS_SC_DF\EVAL_KIT\SF_Webserver_Demo\SoftConsole\Webserver_MSS_CM3_0\Webserver_MSS_CM3_0_hw_platform\Debug\libWebserver_MSS_CM3_0_hw_platform.a(core_cm3.o)
                              ./BSP/i2c_driver/i2c.o (__get_PRIMASK)
C:\Users\kylebs\Desktop\FreeRTOS-lwIP-takeDeux\FreeRTOS-lwIP\Webserver_uIPRTOS_SC_DF\EVAL_KIT\SF_Webserver_Demo\SoftConsole\Webserver_MSS_CM3_0\Webserver_MSS_CM3_0_hw_platform\Debug\libWebserver_MSS_CM3_0_hw_platform.a(system_a2fxxxm3.o)
                              ./FreeRTOS/portable/GCC/ARM_CM3/port.o (SystemFrequency)
C:\Users\kylebs\Desktop\FreeRTOS-lwIP-takeDeux\FreeRTOS-lwIP\Webserver_uIPRTOS_SC_DF\EVAL_KIT\SF_Webserver_Demo\SoftConsole\Webserver_MSS_CM3_0\Webserver_MSS_CM3_0_hw_platform\Debug\libWebserver_MSS_CM3_0_hw_platform.a(hal_assert.o)
                              C:\Users\kylebs\Desktop\FreeRTOS-lwIP-takeDeux\FreeRTOS-lwIP\Webserver_uIPRTOS_SC_DF\EVAL_KIT\SF_Webserver_Demo\SoftConsole\Webserver_MSS_CM3_0\Webserver_MSS_CM3_0_hw_platform\Debug\libWebserver_MSS_CM3_0_hw_platform.a(core_uart_apb.o) (HAL_assert_fail)
C:\Users\kylebs\Desktop\FreeRTOS-lwIP-takeDeux\FreeRTOS-lwIP\Webserver_uIPRTOS_SC_DF\EVAL_KIT\SF_Webserver_Demo\SoftConsole\Webserver_MSS_CM3_0\Webserver_MSS_CM3_0_hw_platform\Debug\libWebserver_MSS_CM3_0_hw_platform.a(hw_reg_access.o)
                              C:\Users\kylebs\Desktop\FreeRTOS-lwIP-takeDeux\FreeRTOS-lwIP\Webserver_uIPRTOS_SC_DF\EVAL_KIT\SF_Webserver_Demo\SoftConsole\Webserver_MSS_CM3_0\Webserver_MSS_CM3_0_hw_platform\Debug\libWebserver_MSS_CM3_0_hw_platform.a(core_uart_apb.o) (HW_set_8bit_reg)
C:\Users\kylebs\Desktop\FreeRTOS-lwIP-takeDeux\FreeRTOS-lwIP\Webserver_uIPRTOS_SC_DF\EVAL_KIT\SF_Webserver_Demo\SoftConsole\Webserver_MSS_CM3_0\Webserver_MSS_CM3_0_hw_platform\Debug\libWebserver_MSS_CM3_0_hw_platform.a(crc32.o)
                              C:\Users\kylebs\Desktop\FreeRTOS-lwIP-takeDeux\FreeRTOS-lwIP\Webserver_uIPRTOS_SC_DF\EVAL_KIT\SF_Webserver_Demo\SoftConsole\Webserver_MSS_CM3_0\Webserver_MSS_CM3_0_hw_platform\Debug\libWebserver_MSS_CM3_0_hw_platform.a(mss_ethernet_mac.o) (mss_ethernet_crc)
c:/actel/libero_v9.1/softconsole/sourcery-g++/bin/../lib/gcc/arm-none-eabi/4.4.1/thumb2\libgcc.a(_arm_addsubsf3.o)
[...]
Memory Configuration

Name             Origin             Length             Attributes
rom              0x60000000         0x00040000         xr
romMirror        0x00000000         0x00040000         xr
ram              0x20000000         0x00010000         xrw
*default*        0x00000000         0xffffffff

Linker script and memory map

LOAD c:/actel/libero_v9.1/softconsole/sourcery-g++/bin/../lib/gcc/arm-none-eabi/4.4.1/thumb2/crti.o
LOAD c:/actel/libero_v9.1/softconsole/sourcery-g++/bin/../lib/gcc/arm-none-eabi/4.4.1/thumb2/crtbegin.o
LOAD ./main.o
LOAD ./webclient/webclient-strings.o
LOAD ./webclient/webclient.o
LOAD ./uip/psock.o
LOAD ./uip/uip-fw.o
LOAD ./uip/uip-neighbor.o
LOAD ./uip/uip-split.o
LOAD ./uip/uip.o
LOAD ./uip/uip_arp.o
LOAD ./uip/uiplib.o
LOAD ./resolv/resolv.o
LOAD ./mac/tcpip.o
LOAD ./jsmn/jsmn.o
LOAD ./application_tasks/controller_task.o
LOAD ./application_tasks/http_task.o
LOAD ./application_tasks/lcd_task.o
LOAD ./application_tasks/nunchuck_task.o
LOAD ./FreeRTOS/list.o
LOAD ./FreeRTOS/queue.o
LOAD ./FreeRTOS/tasks.o
LOAD ./FreeRTOS/timers.o
LOAD ./FreeRTOS/portable/MemMang/heap_3.o
LOAD ./FreeRTOS/portable/GCC/ARM_CM3/port.o
LOAD ./BSP/spi_flash_driver/spi_flash.o
LOAD ./BSP/i2c_driver/i2c.o
LOAD ./BSP/emc_driver/nor.o
LOAD C:/Users/kylebs/Desktop/FreeRTOS-lwIP-takeDeux/FreeRTOS-lwIP/Webserver_uIPRTOS_SC_DF/EVAL_KIT/SF_Webserver_Demo/SoftConsole/Webserver_MSS_CM3_0/Webserver_MSS_CM3_0_hw_platform/Debug/CMSIS/startup_gcc/startup_a2fxxxm3.o
LOAD C:/Users/kylebs/Desktop/FreeRTOS-lwIP-takeDeux/FreeRTOS-lwIP/Webserver_uIPRTOS_SC_DF/EVAL_KIT/SF_Webserver_Demo/SoftConsole/Webserver_MSS_CM3_0/Webserver_MSS_CM3_0_hw_platform/Debug/CMSIS/startup_gcc/newlib_stubs.o
LOAD C:\Users\kylebs\Desktop\FreeRTOS-lwIP-takeDeux\FreeRTOS-lwIP\Webserver_uIPRTOS_SC_DF\EVAL_KIT\SF_Webserver_Demo\SoftConsole\Webserver_MSS_CM3_0\Webserver_MSS_CM3_0_hw_platform\Debug\libWebserver_MSS_CM3_0_hw_platform.a
START GROUP
LOAD c:/actel/libero_v9.1/softconsole/sourcery-g++/bin/../lib/gcc/arm-none-eabi/4.4.1/thumb2\libgcc.a
LOAD c:/actel/libero_v9.1/softconsole/sourcery-g++/bin/../lib/gcc/arm-none-eabi/4.4.1/../../../../arm-none-eabi/lib/thumb2\libc.a
END GROUP
LOAD c:/actel/libero_v9.1/softconsole/sourcery-g++/bin/../lib/gcc/arm-none-eabi/4.4.1/thumb2/crtend.o
LOAD c:/actel/libero_v9.1/softconsole/sourcery-g++/bin/../lib/gcc/arm-none-eabi/4.4.1/thumb2/crtn.o
START GROUP
LOAD c:/actel/libero_v9.1/softconsole/sourcery-g++/bin/../lib/gcc/arm-none-eabi/4.4.1/../../../../arm-none-eabi/lib/thumb2\libc.a
LOAD c:/actel/libero_v9.1/softconsole/sourcery-g++/bin/../lib/gcc/arm-none-eabi/4.4.1/thumb2\libgcc.a
LOAD c:/actel/libero_v9.1/softconsole/sourcery-g++/bin/../lib/gcc/arm-none-eabi/4.4.1/../../../../arm-none-eabi/lib/thumb2\libm.a
END GROUP
                0x00000000                __DYNAMIC = 0x0
                0x20000000                RAM_START_ADDRESS = 0x20000000
                0x00010000                RAM_SIZE = 0x10000
                0x00002000                MAIN_STACK_SIZE = 0x2000
                0x00001000                PROCESS_STACK_SIZE = 0x1000
                0x20010000                PROVIDE (__main_stack_start, (RAM_START_ADDRESS + RAM_SIZE))
                0x2000e000                PROVIDE (__process_stack_start, (__main_stack_start - MAIN_STACK_SIZE))
                0x20010000                PROVIDE (_estack, __main_stack_start)
                0x00000001                PROVIDE (__mirrored_nvm, 0x1)

.init           0x00000000      0x470 load address 0x60000000
 *(.isr_vector)
 .isr_vector    0x00000000      0x470 C:/Users/kylebs/Desktop/FreeRTOS-lwIP-takeDeux/FreeRTOS-lwIP/Webserver_uIPRTOS_SC_DF/EVAL_KIT/SF_Webserver_Demo/SoftConsole/Webserver_MSS_CM3_0/Webserver_MSS_CM3_0_hw_platform/Debug/CMSIS/startup_gcc/startup_a2fxxxm3.o
                0x00000000                g_pfnVectors
                0x00000298                Reset_Handler
                0x00000308                NMI_Handler
                0x0000030a                HardFault_Handler
                0x0000030c                MemManage_Handler
                0x0000030e                BusFault_Handler
                0x00000310                UsageFault_Handler
                0x00000314                DebugMon_Handler
                0x0000031a                WdogWakeup_IRQHandler
                0x0000031c                BrownOut_1_5V_IRQHandler
                0x0000031e                BrownOut_3_3V_IRQHandler
                0x00000320                RTC_Match_IRQHandler
                0x00000322                RTCIF_Pub_IRQHandler
                0x00000326                IAP_IRQHandler
                0x00000328                ENVM0_IRQHandler
                0x0000032a                ENVM1_IRQHandler
                0x00000338                I2C0_SMBAlert_IRQHandler
                0x0000033a                I2C0_SMBus_IRQHandler
                0x0000033e                I2C1_SMBAlert_IRQHandler
                0x00000340                I2C1_SMBus_IRQHandler
                0x00000342                Timer1_IRQHandler
                0x00000344                Timer2_IRQHandler
                0x00000346                PLL_Lock_IRQHandler
                0x00000348                PLL_LockLost_IRQHandler
                0x0000034a                CommError_IRQHandler
                0x0000034e                GPIO0_IRQHandler
                0x00000352                GPIO2_IRQHandler
                0x00000354                GPIO3_IRQHandler
                0x00000356                GPIO4_IRQHandler
                0x00000358                GPIO5_IRQHandler
                0x0000035a                GPIO6_IRQHandler
                0x0000035c                GPIO7_IRQHandler
                0x0000035e                GPIO8_IRQHandler
                0x00000360                GPIO9_IRQHandler
                0x00000362                GPIO10_IRQHandler
                0x00000364                GPIO11_IRQHandler
                0x00000366                GPIO12_IRQHandler
                0x00000368                GPIO13_IRQHandler
                0x0000036a                GPIO14_IRQHandler
                0x0000036c                GPIO15_IRQHandler
                0x0000036e                GPIO16_IRQHandler
                0x00000370                GPIO17_IRQHandler
                0x00000372                GPIO18_IRQHandler
                0x00000374                GPIO19_IRQHandler
                0x00000376                GPIO20_IRQHandler
                0x00000378                GPIO21_IRQHandler
                0x0000037a                GPIO22_IRQHandler
                0x0000037c                GPIO23_IRQHandler
                0x0000037e                GPIO24_IRQHandler
                0x00000380                GPIO25_IRQHandler
                0x00000382                GPIO26_IRQHandler
                0x00000384                GPIO27_IRQHandler
                0x00000386                GPIO28_IRQHandler
                0x00000388                GPIO29_IRQHandler
                0x0000038a                GPIO30_IRQHandler
                0x0000038c                GPIO31_IRQHandler
                0x0000038e                ACE_PC0_Flag0_IRQHandler
                0x00000390                ACE_PC0_Flag1_IRQHandler
                0x00000392                ACE_PC0_Flag2_IRQHandler
                0x00000394                ACE_PC0_Flag3_IRQHandler
                0x00000396                ACE_PC1_Flag0_IRQHandler
                0x00000398                ACE_PC1_Flag1_IRQHandler
                0x0000039a                ACE_PC1_Flag2_IRQHandler
                0x0000039c                ACE_PC1_Flag3_IRQHandler
                0x0000039e                ACE_PC2_Flag0_IRQHandler
                0x000003a0                ACE_PC2_Flag1_IRQHandler
                0x000003a2                ACE_PC2_Flag2_IRQHandler
                0x000003a4                ACE_PC2_Flag3_IRQHandler
                0x000003a6                ACE_ADC0_DataValid_IRQHandler
                0x000003a8                ACE_ADC1_DataValid_IRQHandler
                0x000003aa                ACE_ADC2_DataValid_IRQHandler
                0x000003ac                ACE_ADC0_CalDone_IRQHandler
                0x000003ae                ACE_ADC1_CalDone_IRQHandler
                0x000003b0                ACE_ADC2_CalDone_IRQHandler
                0x000003b2                ACE_ADC0_CalStart_IRQHandler
                0x000003b4                ACE_ADC1_CalStart_IRQHandler
                0x000003b6                ACE_ADC2_CalStart_IRQHandler
                0x000003b8                ACE_Comp0_Fall_IRQHandler
                0x000003ba                ACE_Comp1_Fall_IRQHandler
                0x000003bc                ACE_Comp2_Fall_IRQHandler
                0x000003be                ACE_Comp3_Fall_IRQHandler
                0x000003c0                ACE_Comp4_Fall_IRQHandler
                0x000003c2                ACE_Comp5_Fall_IRQHandler
                0x000003c4                ACE_Comp6_Fall_IRQHandler
                0x000003c6                ACE_Comp7_Fall_IRQHandler
                0x000003c8                ACE_Comp8_Fall_IRQHandler
                0x000003ca                ACE_Comp9_Fall_IRQHandler
                0x000003cc                ACE_Comp10_Fall_IRQHandler
                0x000003ce                ACE_Comp11_Fall_IRQHandler
                0x000003d0                ACE_Comp0_Rise_IRQHandler
                0x000003d2                ACE_Comp1_Rise_IRQHandler
                0x000003d4                ACE_Comp2_Rise_IRQHandler
                0x000003d6                ACE_Comp3_Rise_IRQHandler
                0x000003d8                ACE_Comp4_Rise_IRQHandler
                0x000003da                ACE_Comp5_Rise_IRQHandler
                0x000003dc                ACE_Comp6_Rise_IRQHandler
                0x000003de                ACE_Comp7_Rise_IRQHandler
                0x000003e0                ACE_Comp8_Rise_IRQHandler
                0x000003e2                ACE_Comp9_Rise_IRQHandler
                0x000003e4                ACE_Comp10_Rise_IRQHandler
                0x000003e6                ACE_Comp11_Rise_IRQHandler
                0x000003e8                ACE_ADC0_FifoFull_IRQHandler
                0x000003ea                ACE_ADC0_FifoAFull_IRQHandler
                0x000003ec                ACE_ADC0_FifoEmpty_IRQHandler
                0x000003ee                ACE_ADC1_FifoFull_IRQHandler
                0x000003f0                ACE_ADC1_FifoAFull_IRQHandler
                0x000003f2                ACE_ADC1_FifoEmpty_IRQHandler
                0x000003f4                ACE_ADC2_FifoFull_IRQHandler
                0x000003f6                ACE_ADC2_FifoAFull_IRQHandler
                0x000003f8                ACE_ADC2_FifoEmpty_IRQHandler
                0x000003fa                ACE_PPE_Flag0_IRQHandler
                0x000003fc                ACE_PPE_Flag1_IRQHandler
                0x000003fe                ACE_PPE_Flag2_IRQHandler
                0x00000400                ACE_PPE_Flag3_IRQHandler
                0x00000402                ACE_PPE_Flag4_IRQHandler
                0x00000404                ACE_PPE_Flag5_IRQHandler
                0x00000406                ACE_PPE_Flag6_IRQHandler
                0x00000408                ACE_PPE_Flag7_IRQHandler
                0x0000040a                ACE_PPE_Flag8_IRQHandler
                0x0000040c                ACE_PPE_Flag9_IRQHandler
                0x0000040e                ACE_PPE_Flag10_IRQHandler
                0x00000410                ACE_PPE_Flag11_IRQHandler
                0x00000412                ACE_PPE_Flag12_IRQHandler
                0x00000414                ACE_PPE_Flag13_IRQHandler
                0x00000416                ACE_PPE_Flag14_IRQHandler
                0x00000418                ACE_PPE_Flag15_IRQHandler
                0x0000041a                ACE_PPE_Flag16_IRQHandler
                0x0000041c                ACE_PPE_Flag17_IRQHandler
                0x0000041e                ACE_PPE_Flag18_IRQHandler
                0x00000420                ACE_PPE_Flag19_IRQHandler
                0x00000422                ACE_PPE_Flag20_IRQHandler
                0x00000424                ACE_PPE_Flag21_IRQHandler
                0x00000426                ACE_PPE_Flag22_IRQHandler
                0x00000428                ACE_PPE_Flag23_IRQHandler
                0x0000042a                ACE_PPE_Flag24_IRQHandler
                0x0000042c                ACE_PPE_Flag25_IRQHandler
                0x0000042e                ACE_PPE_Flag26_IRQHandler
                0x00000430                ACE_PPE_Flag27_IRQHandler
                0x00000432                ACE_PPE_Flag28_IRQHandler
                0x00000434                ACE_PPE_Flag29_IRQHandler
                0x00000436                ACE_PPE_Flag30_IRQHandler
                0x00000438                ACE_PPE_Flag31_IRQHandler
 *sys_boot.o(.text)
                0x00000470                . = ALIGN (0x4)

.text           0x00000470    0x1b024 load address 0x60000470
 CREATE_OBJECT_SYMBOLS
                0x60000470                __text_load = LOADADDR (.text)
                0x00000470                __text_start = .
 *(.text .text.* .gnu.linkonce.t.*)
 .text          0x00000470       0x30 c:/actel/libero_v9.1/softconsole/sourcery-g++/bin/../lib/gcc/arm-none-eabi/4.4.1/thumb2/crtbegin.o
 .text.NVIC_EnableIRQ
                0x000004a0       0x38 ./main.o
 .text.NVIC_ClearPendingIRQ
                0x000004d8       0x3c ./main.o
 .text.NVIC_SetPriority
                0x00000514       0x5c ./main.o
 .text.vApplicationMallocFailedHook
                0x00000570        0x8 ./main.o
                0x00000570                vApplicationMallocFailedHook
 .text.ulGetRunTimeCounterValue
                0x00000578       0x10 ./main.o
                0x00000578                ulGetRunTimeCounterValue
 .text.vApplicationStackOverflowHook
                0x00000588        0xc ./main.o
                0x00000588                vApplicationStackOverflowHook
 .text.vMainConfigureTimerForRunTimeStats
                0x00000594        0xc ./main.o
                0x00000594                vMainConfigureTimerForRunTimeStats
 .text.GPIO1_IRQHandler
                0x000005a0       0x60 ./main.o
                0x000005a0                GPIO1_IRQHandler
 .text.Fabric_IRQHandler
                0x00000600       0x50 ./main.o
                0x00000600                Fabric_IRQHandler
 .text.init_system
                0x00000650       0x30 ./main.o
                0x00000650                init_system
 .text.main     0x00000680      0x334 ./main.o
                0x00000680                main
 .text.webclient_init
                0x000009b4        0xc ./webclient/webclient.o
                0x000009b4                webclient_init
 .text.init_connection
                0x000009c0       0x7c ./webclient/webclient.o
 .text.webclient_get
                0x00000a3c       0xdc ./webclient/webclient.o
                0x00000a3c                webclient_get
 .text.webclient_get_custom
                0x00000b18       0xa4 ./webclient/webclient.o
                0x00000b18                webclient_get_custom
 .text.copy_string
                0x00000bbc       0x2c ./webclient/webclient.o
 .text.senddata
                0x00000be8      0x148 ./webclient/webclient.o
 .text.acked    0x00000d30       0x80 ./webclient/webclient.o
 .text.parse_statusline
                0x00000db0      0x1c4 ./webclient/webclient.o
 .text.casecmp  0x00000f74       0x90 ./webclient/webclient.o
 .text.parse_headers
                0x00001004      0x258 ./webclient/webclient.o
 .text.newdata  0x0000125c       0x8c ./webclient/webclient.o
 .text.webclient_appcall
                0x000012e8      0x1bc ./webclient/webclient.o
                0x000012e8                webclient_appcall
 .text.uip_add32
                0x000014a4      0x14c ./uip/uip.o
                0x000014a4                uip_add32
 .text.chksum   0x000015f0       0x98 ./uip/uip.o
 .text.uip_ipchksum
                0x00001688       0x3c ./uip/uip.o
                0x00001688                uip_ipchksum
 .text.upper_layer_chksum
                0x000016c4       0x7c ./uip/uip.o
 .text.uip_tcpchksum
                0x00001740       0x14 ./uip/uip.o
                0x00001740                uip_tcpchksum
 .text.uip_udpchksum
                0x00001754       0x14 ./uip/uip.o
                0x00001754                uip_udpchksum
 .text.uip_init
                0x00001768      0x124 ./uip/uip.o
                0x00001768                uip_init
 .text.uip_connect
                0x0000188c      0x1dc ./uip/uip.o
                0x0000188c                uip_connect
 .text.uip_udp_new
                0x00001a68      0x1a4 ./uip/uip.o
                0x00001a68                uip_udp_new
 .text.uip_add_rcv_nxt
                0x00001c0c       0x84 ./uip/uip.o
 .text.uip_process
                0x00001c90     0x1bfc ./uip/uip.o
                0x00001c90                uip_process
 .text.htons    0x0000388c       0x30 ./uip/uip.o
                0x0000388c                htons
 .text.uip_send
                0x000038bc       0x54 ./uip/uip.o
                0x000038bc                uip_send
 .text.uip_arp_timer
                0x00003910       0xc0 ./uip/uip_arp.o
                0x00003910                uip_arp_timer
 .text.uip_arp_update
                0x000039d0      0x264 ./uip/uip_arp.o
 .text.uip_arp_arpin
                0x00003c34      0x18c ./uip/uip_arp.o
                0x00003c34                uip_arp_arpin
 .text.uip_arp_out
                0x00003dc0      0x2b8 ./uip/uip_arp.o
                0x00003dc0                uip_arp_out
 .text.uiplib_ipaddrconv
                0x00004078       0xbc ./uip/uiplib.o
                0x00004078                uiplib_ipaddrconv
 .text.resolv_appcall
                0x00004134        0xc ./resolv/resolv.o
                0x00004134                resolv_appcall
 .text.resolv_query
                0x00004140      0x15c ./resolv/resolv.o
                0x00004140                resolv_query
 .text.resolv_lookup
                0x0000429c       0x90 ./resolv/resolv.o
                0x0000429c                resolv_lookup
 .text.resolv_conf
                0x0000432c       0x48 ./resolv/resolv.o
                0x0000432c                resolv_conf
 .text.resolv_init
                0x00004374       0x68 ./resolv/resolv.o
                0x00004374                resolv_init
 .text.send_arp_reply
                0x000043dc       0xdc ./mac/tcpip.o
                0x000043dc                send_arp_reply
 .text.get_checksum
                0x000044b8       0xf4 ./mac/tcpip.o
                0x000044b8                get_checksum
 .text.fix_checksum
                0x000045ac       0x54 ./mac/tcpip.o
                0x000045ac                fix_checksum
 .text.check_checksum
                0x00004600       0x64 ./mac/tcpip.o
                0x00004600                check_checksum
 .text.send_icmp_echo_reply
                0x00004664      0x118 ./mac/tcpip.o
                0x00004664                send_icmp_echo_reply
 .text.send_bootp_packet
                0x0000477c      0x374 ./mac/tcpip.o
                0x0000477c                send_bootp_packet
 .text.send_dhcp_server_packet
                0x00004af0      0x5dc ./mac/tcpip.o
                0x00004af0                send_dhcp_server_packet
 .text.process_udp_packet
                0x000050cc       0x4c ./mac/tcpip.o
                0x000050cc                process_udp_packet
 .text.send_tcp_packet
                0x00005118      0x2ec ./mac/tcpip.o
                0x00005118                send_tcp_packet
 .text.tcp_init
                0x00005404       0x4c ./mac/tcpip.o
                0x00005404                tcp_init
 .text.process_icmp_packet
                0x00005450       0x70 ./mac/tcpip.o
                0x00005450                process_icmp_packet
 .text.process_tcp_packet
                0x000054c0      0x4d0 ./mac/tcpip.o
                0x000054c0                process_tcp_packet
 .text.process_ip_packet
                0x00005990       0xc8 ./mac/tcpip.o
                0x00005990                process_ip_packet
 .text.process_arp_packet
                0x00005a58       0xbc ./mac/tcpip.o
                0x00005a58                process_arp_packet
 .text.process_packet
                0x00005b14       0x54 ./mac/tcpip.o
                0x00005b14                process_packet
 .text.jsmn_alloc_token
                0x00005b68       0x5c ./jsmn/jsmn.o
 .text.jsmn_fill_token
                0x00005bc4       0x34 ./jsmn/jsmn.o
 .text.jsmn_parse_primitive
                0x00005bf8       0xf8 ./jsmn/jsmn.o
 .text.jsmn_parse_string
                0x00005cf0      0x22c ./jsmn/jsmn.o
 .text.jsmn_parse
                0x00005f1c      0x288 ./jsmn/jsmn.o
                0x00005f1c                jsmn_parse
 .text.jsmn_init
                0x000061a4       0x2c ./jsmn/jsmn.o
                0x000061a4                jsmn_init
 .text.NVIC_EnableIRQ
                0x000061d0       0x38 ./application_tasks/controller_task.o
 .text.delay    0x00006208       0x24 ./application_tasks/controller_task.o
                0x00006208                delay
 .text.init_controller
                0x0000622c      0x100 ./application_tasks/controller_task.o
                0x0000622c                init_controller
 .text.controller_delegate_control
                0x0000632c      0x1e0 ./application_tasks/controller_task.o
                0x0000632c                controller_delegate_control
 .text.vTask_controller
                0x0000650c      0x1c8 ./application_tasks/controller_task.o
                0x0000650c                vTask_controller
 .text.do_next_instruction
                0x000066d4       0x80 ./application_tasks/http_task.o
                0x000066d4                do_next_instruction
 .text.init_http
                0x00006754      0x134 ./application_tasks/http_task.o
                0x00006754                init_http
 .text.vTask_http
                0x00006888      0x224 ./application_tasks/http_task.o
                0x00006888                vTask_http
 .text.uip_log  0x00006aac       0x20 ./application_tasks/http_task.o
                0x00006aac                uip_log
 .text.webclient_closed
                0x00006acc       0x14 ./application_tasks/http_task.o
                0x00006acc                webclient_closed
 .text.webclient_aborted
                0x00006ae0       0x20 ./application_tasks/http_task.o
                0x00006ae0                webclient_aborted
 .text.webclient_timedout
                0x00006b00       0x20 ./application_tasks/http_task.o
                0x00006b00                webclient_timedout
 .text.webclient_connected
                0x00006b20       0x14 ./application_tasks/http_task.o
                0x00006b20                webclient_connected
 .text.webclient_datahandler
                0x00006b34      0x110 ./application_tasks/http_task.o
                0x00006b34                webclient_datahandler
 .text.path_to_instructions
                0x00006c44      0x25c ./application_tasks/http_task.o
                0x00006c44                path_to_instructions
 .text.parse_json
                0x00006ea0      0x23c ./application_tasks/http_task.o
                0x00006ea0                parse_json
 .text.uIP_init
                0x000070dc      0x330 ./application_tasks/http_task.o
                0x000070dc                uIP_init
 .text.init_mac
                0x0000740c      0x1d8 ./application_tasks/http_task.o
                0x0000740c                init_mac
 .text.init_lcd
                0x000075e4       0xa0 ./application_tasks/lcd_task.o
                0x000075e4                init_lcd
 .text.vTask_lcd
                0x00007684      0x1b4 ./application_tasks/lcd_task.o
                0x00007684                vTask_lcd
 .text._to_lcd_uart
                0x00007838       0x7c ./application_tasks/lcd_task.o
                0x00007838                _to_lcd_uart
 .text.init_nunchuck
                0x000078b4       0x88 ./application_tasks/nunchuck_task.o
                0x000078b4                init_nunchuck
 .text.vTask_nunchuck
                0x0000793c      0x6d0 ./application_tasks/nunchuck_task.o
                0x0000793c                vTask_nunchuck
 .text.vListInitialise
                0x0000800c       0x48 ./FreeRTOS/list.o
                0x0000800c                vListInitialise
 .text.vListInitialiseItem
                0x00008054       0x1c ./FreeRTOS/list.o
                0x00008054                vListInitialiseItem
 .text.vListInsertEnd
                0x00008070       0x50 ./FreeRTOS/list.o
                0x00008070                vListInsertEnd
 .text.vListInsert
                0x000080c0       0x78 ./FreeRTOS/list.o
                0x000080c0                vListInsert
 .text.vListRemove
                0x00008138       0x54 ./FreeRTOS/list.o
                0x00008138                vListRemove
 .text.xQueueCreate
                0x0000818c       0xe0 ./FreeRTOS/queue.o
                0x0000818c                xQueueCreate
 .text.xQueueGenericSend
                0x0000826c      0x158 ./FreeRTOS/queue.o
                0x0000826c                xQueueGenericSend
 .text.xQueueGenericSendFromISR
                0x000083c4       0xdc ./FreeRTOS/queue.o
                0x000083c4                xQueueGenericSendFromISR
 .text.xQueueGenericReceive
                0x000084a0      0x1c8 ./FreeRTOS/queue.o
                0x000084a0                xQueueGenericReceive
 .text.prvCopyDataToQueue
                0x00008668       0xcc ./FreeRTOS/queue.o
 .text.prvCopyDataFromQueue
                0x00008734       0x50 ./FreeRTOS/queue.o
 .text.prvUnlockQueue
                0x00008784       0xa0 ./FreeRTOS/queue.o
 .text.prvIsQueueEmpty
                0x00008824       0x2c ./FreeRTOS/queue.o
 .text.prvIsQueueFull
                0x00008850       0x30 ./FreeRTOS/queue.o
 .text.vQueueWaitForMessageRestricted
                0x00008880       0x60 ./FreeRTOS/queue.o
                0x00008880                vQueueWaitForMessageRestricted
 .text.xTaskGenericCreate
                0x000088e0      0x1fc ./FreeRTOS/tasks.o
                0x000088e0                xTaskGenericCreate
 .text.vTaskDelay
                0x00008adc       0x64 ./FreeRTOS/tasks.o
                0x00008adc                vTaskDelay
 .text.vTaskSuspend
                0x00008b40       0xc0 ./FreeRTOS/tasks.o
                0x00008b40                vTaskSuspend
 .text.xTaskIsTaskSuspended
                0x00008c00       0x60 ./FreeRTOS/tasks.o
                0x00008c00                xTaskIsTaskSuspended
 .text.vTaskResume
                0x00008c60       0xbc ./FreeRTOS/tasks.o
                0x00008c60                vTaskResume
 .text.vTaskStartScheduler
                0x00008d1c       0x98 ./FreeRTOS/tasks.o
                0x00008d1c                vTaskStartScheduler
 .text.vTaskSuspendAll
                0x00008db4       0x24 ./FreeRTOS/tasks.o
                0x00008db4                vTaskSuspendAll
 .text.xTaskResumeAll
                0x00008dd8      0x16c ./FreeRTOS/tasks.o
                0x00008dd8                xTaskResumeAll
 .text.xTaskGetTickCount
                0x00008f44       0x28 ./FreeRTOS/tasks.o
                0x00008f44                xTaskGetTickCount
 .text.vTaskIncrementTick
                0x00008f6c      0x1dc ./FreeRTOS/tasks.o
                0x00008f6c                vTaskIncrementTick
 .text.vTaskSwitchContext
                0x00009148      0x19c ./FreeRTOS/tasks.o
                0x00009148                vTaskSwitchContext
 .text.vTaskPlaceOnEventList
                0x000092e4       0x90 ./FreeRTOS/tasks.o
                0x000092e4                vTaskPlaceOnEventList
 .text.vTaskPlaceOnEventListRestricted
                0x00009374       0x68 ./FreeRTOS/tasks.o
                0x00009374                vTaskPlaceOnEventListRestricted
 .text.xTaskRemoveFromEventList
                0x000093dc       0xd4 ./FreeRTOS/tasks.o
                0x000093dc                xTaskRemoveFromEventList
 .text.vTaskSetTimeOutState
                0x000094b0       0x40 ./FreeRTOS/tasks.o
                0x000094b0                vTaskSetTimeOutState
 .text.xTaskCheckForTimeOut
                0x000094f0       0xd4 ./FreeRTOS/tasks.o
                0x000094f0                xTaskCheckForTimeOut
 .text.vTaskMissedYield
                0x000095c4       0x18 ./FreeRTOS/tasks.o
                0x000095c4                vTaskMissedYield
 .text.prvIdleTask
                0x000095dc       0x24 ./FreeRTOS/tasks.o
 .text.prvInitialiseTCBVariables
                0x00009600       0x88 ./FreeRTOS/tasks.o
 .text.prvInitialiseTaskLists
                0x00009688       0xa4 ./FreeRTOS/tasks.o
 .text.prvCheckTasksWaitingTermination
                0x0000972c       0x94 ./FreeRTOS/tasks.o
 .text.prvAddCurrentTaskToDelayedList
                0x000097c0       0x90 ./FreeRTOS/tasks.o
 .text.prvAllocateTCBAndStack
                0x00009850       0x74 ./FreeRTOS/tasks.o
 .text.prvDeleteTCB
                0x000098c4       0x20 ./FreeRTOS/tasks.o
 .text.xTaskGetCurrentTaskHandle
                0x000098e4       0x20 ./FreeRTOS/tasks.o
                0x000098e4                xTaskGetCurrentTaskHandle
 .text.xTaskGetSchedulerState
                0x00009904       0x48 ./FreeRTOS/tasks.o
                0x00009904                xTaskGetSchedulerState
 .text.vTaskPriorityInherit
                0x0000994c       0xec ./FreeRTOS/tasks.o
                0x0000994c                vTaskPriorityInherit
 .text.vTaskPriorityDisinherit
                0x00009a38       0x94 ./FreeRTOS/tasks.o
                0x00009a38                vTaskPriorityDisinherit
 .text.xTimerCreateTimerTask
                0x00009acc       0x74 ./FreeRTOS/timers.o
                0x00009acc                xTimerCreateTimerTask
 .text.xTimerGenericCommand
                0x00009b40       0xb4 ./FreeRTOS/timers.o
                0x00009b40                xTimerGenericCommand
 .text.prvProcessExpiredTimer
                0x00009bf4       0x88 ./FreeRTOS/timers.o
 .text.prvTimerTask
                0x00009c7c       0x28 ./FreeRTOS/timers.o
 .text.prvProcessTimerOrBlockTask
                0x00009ca4       0x84 ./FreeRTOS/timers.o
 .text.prvGetNextExpireTime
                0x00009d28       0x50 ./FreeRTOS/timers.o
 .text.prvSampleTimeNow
                0x00009d78       0x5c ./FreeRTOS/timers.o
 .text.prvInsertTimerInActiveList
                0x00009dd4       0x98 ./FreeRTOS/timers.o
 .text.prvProcessReceivedCommands
                0x00009e6c      0x11c ./FreeRTOS/timers.o
 .text.prvSwitchTimerLists
                0x00009f88       0xf0 ./FreeRTOS/timers.o
 .text.prvCheckForValidListAndQueue
                0x0000a078       0x70 ./FreeRTOS/timers.o
 .text.pvPortMalloc
                0x0000a0e8       0x30 ./FreeRTOS/portable/MemMang/heap_3.o
                0x0000a0e8                pvPortMalloc
 .text.vPortFree
                0x0000a118       0x24 ./FreeRTOS/portable/MemMang/heap_3.o
                0x0000a118                vPortFree
 .text.pxPortInitialiseStack
                0x0000a13c       0x60 ./FreeRTOS/portable/GCC/ARM_CM3/port.o
                0x0000a13c                pxPortInitialiseStack
 .text.SVC_Handler
                0x0000a19c       0x20 ./FreeRTOS/portable/GCC/ARM_CM3/port.o
                0x0000a19c                SVC_Handler
 .text.vPortStartFirstTask
                0x0000a1bc       0x14 ./FreeRTOS/portable/GCC/ARM_CM3/port.o
                0x0000a1bc                vPortStartFirstTask
 .text.xPortStartScheduler
                0x0000a1d0       0x54 ./FreeRTOS/portable/GCC/ARM_CM3/port.o
                0x0000a1d0                xPortStartScheduler
 .text.vPortYieldFromISR
                0x0000a224       0x18 ./FreeRTOS/portable/GCC/ARM_CM3/port.o
                0x0000a224                vPortYieldFromISR
 .text.vPortEnterCritical
                0x0000a23c       0x2c ./FreeRTOS/portable/GCC/ARM_CM3/port.o
                0x0000a23c                vPortEnterCritical
 .text.vPortExitCritical
                0x0000a268       0x38 ./FreeRTOS/portable/GCC/ARM_CM3/port.o
                0x0000a268                vPortExitCritical
 .text.PendSV_Handler
                0x0000a2a0       0x3c ./FreeRTOS/portable/GCC/ARM_CM3/port.o
                0x0000a2a0                PendSV_Handler
 .text.SysTick_Handler
                0x0000a2dc       0x38 ./FreeRTOS/portable/GCC/ARM_CM3/port.o
                0x0000a2dc                SysTick_Handler
 .text.prvSetupTimerInterrupt
                0x0000a314       0x40 ./FreeRTOS/portable/GCC/ARM_CM3/port.o
 .text.NVIC_EnableIRQ
                0x0000a354       0x38 ./BSP/i2c_driver/i2c.o
 .text.NVIC_DisableIRQ
                0x0000a38c       0x3c ./BSP/i2c_driver/i2c.o
 .text.NVIC_ClearPendingIRQ
                0x0000a3c8       0x3c ./BSP/i2c_driver/i2c.o
 .text.MSS_I2C_init
                0x0000a404      0x19c ./BSP/i2c_driver/i2c.o
                0x0000a404                MSS_I2C_init
 .text.MSS_I2C_write
                0x0000a5a0       0xc4 ./BSP/i2c_driver/i2c.o
                0x0000a5a0                MSS_I2C_write
 .text.MSS_I2C_read
                0x0000a664       0xc8 ./BSP/i2c_driver/i2c.o
                0x0000a664                MSS_I2C_read
 .text.MSS_I2C_wait_complete
                0x0000a72c       0x48 ./BSP/i2c_driver/i2c.o
                0x0000a72c                MSS_I2C_wait_complete
 .text.mss_i2c_isr
                0x0000a774      0x77c ./BSP/i2c_driver/i2c.o
 .text.disable_interrupts
                0x0000aef0       0x1c ./BSP/i2c_driver/i2c.o
 .text.restore_interrupts
                0x0000af0c       0x18 ./BSP/i2c_driver/i2c.o
 .text.I2C0_IRQHandler
                0x0000af24       0x2c ./BSP/i2c_driver/i2c.o
                0x0000af24                I2C0_IRQHandler
 .text.I2C1_IRQHandler
                0x0000af50       0x2c ./BSP/i2c_driver/i2c.o
                0x0000af50                I2C1_IRQHandler
 .text._close   0x0000af7c       0x18 C:/Users/kylebs/Desktop/FreeRTOS-lwIP-takeDeux/FreeRTOS-lwIP/Webserver_uIPRTOS_SC_DF/EVAL_KIT/SF_Webserver_Demo/SoftConsole/Webserver_MSS_CM3_0/Webserver_MSS_CM3_0_hw_platform/Debug/CMSIS/startup_gcc/newlib_stubs.o
                0x0000af7c                _close
 .text._exit    0x0000af94        0xc C:/Users/kylebs/Desktop/FreeRTOS-lwIP-takeDeux/FreeRTOS-lwIP/Webserver_uIPRTOS_SC_DF/EVAL_KIT/SF_Webserver_Demo/SoftConsole/Webserver_MSS_CM3_0/Webserver_MSS_CM3_0_hw_platform/Debug/CMSIS/startup_gcc/newlib_stubs.o
                0x0000af94                _exit
 .text._fstat   0x0000afa0       0x24 C:/Users/kylebs/Desktop/FreeRTOS-lwIP-takeDeux/FreeRTOS-lwIP/Webserver_uIPRTOS_SC_DF/EVAL_KIT/SF_Webserver_Demo/SoftConsole/Webserver_MSS_CM3_0/Webserver_MSS_CM3_0_hw_platform/Debug/CMSIS/startup_gcc/newlib_stubs.o
                0x0000afa0                _fstat
 .text._isatty  0x0000afc4       0x18 C:/Users/kylebs/Desktop/FreeRTOS-lwIP-takeDeux/FreeRTOS-lwIP/Webserver_uIPRTOS_SC_DF/EVAL_KIT/SF_Webserver_Demo/SoftConsole/Webserver_MSS_CM3_0/Webserver_MSS_CM3_0_hw_platform/Debug/CMSIS/startup_gcc/newlib_stubs.o
                0x0000afc4                _isatty
 .text._lseek   0x0000afdc       0x1c C:/Users/kylebs/Desktop/FreeRTOS-lwIP-takeDeux/FreeRTOS-lwIP/Webserver_uIPRTOS_SC_DF/EVAL_KIT/SF_Webserver_Demo/SoftConsole/Webserver_MSS_CM3_0/Webserver_MSS_CM3_0_hw_platform/Debug/CMSIS/startup_gcc/newlib_stubs.o
                0x0000afdc                _lseek
 .text._read    0x0000aff8       0x1c C:/Users/kylebs/Desktop/FreeRTOS-lwIP-takeDeux/FreeRTOS-lwIP/Webserver_uIPRTOS_SC_DF/EVAL_KIT/SF_Webserver_Demo/SoftConsole/Webserver_MSS_CM3_0/Webserver_MSS_CM3_0_hw_platform/Debug/CMSIS/startup_gcc/newlib_stubs.o
                0x0000aff8                _read
 .text._write_r
                0x0000b014       0x64 C:/Users/kylebs/Desktop/FreeRTOS-lwIP-takeDeux/FreeRTOS-lwIP/Webserver_uIPRTOS_SC_DF/EVAL_KIT/SF_Webserver_Demo/SoftConsole/Webserver_MSS_CM3_0/Webserver_MSS_CM3_0_hw_platform/Debug/CMSIS/startup_gcc/newlib_stubs.o
                0x0000b014                _write_r
 .text._sbrk    0x0000b078       0x94 C:/Users/kylebs/Desktop/FreeRTOS-lwIP-takeDeux/FreeRTOS-lwIP/Webserver_uIPRTOS_SC_DF/EVAL_KIT/SF_Webserver_Demo/SoftConsole/Webserver_MSS_CM3_0/Webserver_MSS_CM3_0_hw_platform/Debug/CMSIS/startup_gcc/newlib_stubs.o
                0x0000b078                _sbrk
 .text.PLOTTER_printCoord
                0x0000b10c      0x260 C:\Users\kylebs\Desktop\FreeRTOS-lwIP-takeDeux\FreeRTOS-lwIP\Webserver_uIPRTOS_SC_DF\EVAL_KIT\SF_Webserver_Demo\SoftConsole\Webserver_MSS_CM3_0\Webserver_MSS_CM3_0_hw_platform\Debug\libWebserver_MSS_CM3_0_hw_platform.a(plotter_platform.o)
                0x0000b10c                PLOTTER_printCoord
 .text.NVIC_ClearPendingIRQ
                0x0000b36c       0x3c C:\Users\kylebs\Desktop\FreeRTOS-lwIP-takeDeux\FreeRTOS-lwIP\Webserver_uIPRTOS_SC_DF\EVAL_KIT\SF_Webserver_Demo\SoftConsole\Webserver_MSS_CM3_0\Webserver_MSS_CM3_0_hw_platform\Debug\libWebserver_MSS_CM3_0_hw_platform.a(mss_uart.o)
 .text.MSS_UART_init
                0x0000b3a8      0x204 C:\Users\kylebs\Desktop\FreeRTOS-lwIP-takeDeux\FreeRTOS-lwIP\Webserver_uIPRTOS_SC_DF\EVAL_KIT\SF_Webserver_Demo\SoftConsole\Webserver_MSS_CM3_0\Webserver_MSS_CM3_0_hw_platform\Debug\libWebserver_MSS_CM3_0_hw_platform.a(mss_uart.o)
                0x0000b3a8                MSS_UART_init
 .text.MSS_UART_polled_tx
                0x0000b5ac       0xe4 C:\Users\kylebs\Desktop\FreeRTOS-lwIP-takeDeux\FreeRTOS-lwIP\Webserver_uIPRTOS_SC_DF\EVAL_KIT\SF_Webserver_Demo\SoftConsole\Webserver_MSS_CM3_0\Webserver_MSS_CM3_0_hw_platform\Debug\libWebserver_MSS_CM3_0_hw_platform.a(mss_uart.o)
                0x0000b5ac                MSS_UART_polled_tx
 .text.MSS_UART_isr
                0x0000b690      0x11c C:\Users\kylebs\Desktop\FreeRTOS-lwIP-takeDeux\FreeRTOS-lwIP\Webserver_uIPRTOS_SC_DF\EVAL_KIT\SF_Webserver_Demo\SoftConsole\Webserver_MSS_CM3_0\Webserver_MSS_CM3_0_hw_platform\Debug\libWebserver_MSS_CM3_0_hw_platform.a(mss_uart.o)
 .text.default_tx_handler
                0x0000b7ac      0x108 C:\Users\kylebs\Desktop\FreeRTOS-lwIP-takeDeux\FreeRTOS-lwIP\Webserver_uIPRTOS_SC_DF\EVAL_KIT\SF_Webserver_Demo\SoftConsole\Webserver_MSS_CM3_0\Webserver_MSS_CM3_0_hw_platform\Debug\libWebserver_MSS_CM3_0_hw_platform.a(mss_uart.o)
 .text.UART0_IRQHandler
                0x0000b8b4       0x2c C:\Users\kylebs\Desktop\FreeRTOS-lwIP-takeDeux\FreeRTOS-lwIP\Webserver_uIPRTOS_SC_DF\EVAL_KIT\SF_Webserver_Demo\SoftConsole\Webserver_MSS_CM3_0\Webserver_MSS_CM3_0_hw_platform\Debug\libWebserver_MSS_CM3_0_hw_platform.a(mss_uart.o)
                0x0000b8b4                UART0_IRQHandler
 .text.UART1_IRQHandler
                0x0000b8e0       0x2c C:\Users\kylebs\Desktop\FreeRTOS-lwIP-takeDeux\FreeRTOS-lwIP\Webserver_uIPRTOS_SC_DF\EVAL_KIT\SF_Webserver_Demo\SoftConsole\Webserver_MSS_CM3_0\Webserver_MSS_CM3_0_hw_platform\Debug\libWebserver_MSS_CM3_0_hw_platform.a(mss_uart.o)
                0x0000b8e0                UART1_IRQHandler
 .text.NVIC_ClearPendingIRQ
                0x0000b90c       0x3c C:\Users\kylebs\Desktop\FreeRTOS-lwIP-takeDeux\FreeRTOS-lwIP\Webserver_uIPRTOS_SC_DF\EVAL_KIT\SF_Webserver_Demo\SoftConsole\Webserver_MSS_CM3_0\Webserver_MSS_CM3_0_hw_platform\Debug\libWebserver_MSS_CM3_0_hw_platform.a(mss_spi.o)
 .text.fill_slave_tx_fifo
                0x0000b948       0x9c C:\Users\kylebs\Desktop\FreeRTOS-lwIP-takeDeux\FreeRTOS-lwIP\Webserver_uIPRTOS_SC_DF\EVAL_KIT\SF_Webserver_Demo\SoftConsole\Webserver_MSS_CM3_0\Webserver_MSS_CM3_0_hw_platform\Debug\libWebserver_MSS_CM3_0_hw_platform.a(mss_spi.o)
 .text.read_slave_rx_fifo
                0x0000b9e4       0x9c C:\Users\kylebs\Desktop\FreeRTOS-lwIP-takeDeux\FreeRTOS-lwIP\Webserver_uIPRTOS_SC_DF\EVAL_KIT\SF_Webserver_Demo\SoftConsole\Webserver_MSS_CM3_0\Webserver_MSS_CM3_0_hw_platform\Debug\libWebserver_MSS_CM3_0_hw_platform.a(mss_spi.o)
 .text.mss_spi_isr
                0x0000ba80      0x114 C:\Users\kylebs\Desktop\FreeRTOS-lwIP-takeDeux\FreeRTOS-lwIP\Webserver_uIPRTOS_SC_DF\EVAL_KIT\SF_Webserver_Demo\SoftConsole\Webserver_MSS_CM3_0\Webserver_MSS_CM3_0_hw_platform\Debug\libWebserver_MSS_CM3_0_hw_platform.a(mss_spi.o)
 .text.SPI0_IRQHandler
                0x0000bb94       0x2c C:\Users\kylebs\Desktop\FreeRTOS-lwIP-takeDeux\FreeRTOS-lwIP\Webserver_uIPRTOS_SC_DF\EVAL_KIT\SF_Webserver_Demo\SoftConsole\Webserver_MSS_CM3_0\Webserver_MSS_CM3_0_hw_platform\Debug\libWebserver_MSS_CM3_0_hw_platform.a(mss_spi.o)
                0x0000bb94                SPI0_IRQHandler
 .text.SPI1_IRQHandler
                0x0000bbc0       0x2c C:\Users\kylebs\Desktop\FreeRTOS-lwIP-takeDeux\FreeRTOS-lwIP\Webserver_uIPRTOS_SC_DF\EVAL_KIT\SF_Webserver_Demo\SoftConsole\Webserver_MSS_CM3_0\Webserver_MSS_CM3_0_hw_platform\Debug\libWebserver_MSS_CM3_0_hw_platform.a(mss_spi.o)
                0x0000bbc0                SPI1_IRQHandler
 .text.NVIC_ClearPendingIRQ
                0x0000bbec       0x3c C:\Users\kylebs\Desktop\FreeRTOS-lwIP-takeDeux\FreeRTOS-lwIP\Webserver_uIPRTOS_SC_DF\EVAL_KIT\SF_Webserver_Demo\SoftConsole\Webserver_MSS_CM3_0\Webserver_MSS_CM3_0_hw_platform\Debug\libWebserver_MSS_CM3_0_hw_platform.a(mss_pdma.o)
 .text.get_channel_id_from_status
                0x0000bc28       0xb0 C:\Users\kylebs\Desktop\FreeRTOS-lwIP-takeDeux\FreeRTOS-lwIP\Webserver_uIPRTOS_SC_DF\EVAL_KIT\SF_Webserver_Demo\SoftConsole\Webserver_MSS_CM3_0\Webserver_MSS_CM3_0_hw_platform\Debug\libWebserver_MSS_CM3_0_hw_platform.a(mss_pdma.o)
 .text.DMA_IRQHandler
                0x0000bcd8       0x80 C:\Users\kylebs\Desktop\FreeRTOS-lwIP-takeDeux\FreeRTOS-lwIP\Webserver_uIPRTOS_SC_DF\EVAL_KIT\SF_Webserver_Demo\SoftConsole\Webserver_MSS_CM3_0\Webserver_MSS_CM3_0_hw_platform\Debug\libWebserver_MSS_CM3_0_hw_platform.a(mss_pdma.o)
                0x0000bcd8                DMA_IRQHandler
 .text.NVIC_EnableIRQ
                0x0000bd58       0x38 C:\Users\kylebs\Desktop\FreeRTOS-lwIP-takeDeux\FreeRTOS-lwIP\Webserver_uIPRTOS_SC_DF\EVAL_KIT\SF_Webserver_Demo\SoftConsole\Webserver_MSS_CM3_0\Webserver_MSS_CM3_0_hw_platform\Debug\libWebserver_MSS_CM3_0_hw_platform.a(mss_gpio.o)
 .text.NVIC_ClearPendingIRQ
                0x0000bd90       0x3c C:\Users\kylebs\Desktop\FreeRTOS-lwIP-takeDeux\FreeRTOS-lwIP\Webserver_uIPRTOS_SC_DF\EVAL_KIT\SF_Webserver_Demo\SoftConsole\Webserver_MSS_CM3_0\Webserver_MSS_CM3_0_hw_platform\Debug\libWebserver_MSS_CM3_0_hw_platform.a(mss_gpio.o)
 .text.MSS_GPIO_init
                0x0000bdcc       0x6c C:\Users\kylebs\Desktop\FreeRTOS-lwIP-takeDeux\FreeRTOS-lwIP\Webserver_uIPRTOS_SC_DF\EVAL_KIT\SF_Webserver_Demo\SoftConsole\Webserver_MSS_CM3_0\Webserver_MSS_CM3_0_hw_platform\Debug\libWebserver_MSS_CM3_0_hw_platform.a(mss_gpio.o)
                0x0000bdcc                MSS_GPIO_init
 .text.MSS_GPIO_config
                0x0000be38       0x3c C:\Users\kylebs\Desktop\FreeRTOS-lwIP-takeDeux\FreeRTOS-lwIP\Webserver_uIPRTOS_SC_DF\EVAL_KIT\SF_Webserver_Demo\SoftConsole\Webserver_MSS_CM3_0\Webserver_MSS_CM3_0_hw_platform\Debug\libWebserver_MSS_CM3_0_hw_platform.a(mss_gpio.o)
                0x0000be38                MSS_GPIO_config
 .text.MSS_GPIO_enable_irq
                0x0000be74       0x64 C:\Users\kylebs\Desktop\FreeRTOS-lwIP-takeDeux\FreeRTOS-lwIP\Webserver_uIPRTOS_SC_DF\EVAL_KIT\SF_Webserver_Demo\SoftConsole\Webserver_MSS_CM3_0\Webserver_MSS_CM3_0_hw_platform\Debug\libWebserver_MSS_CM3_0_hw_platform.a(mss_gpio.o)
                0x0000be74                MSS_GPIO_enable_irq
 .text.MSS_GPIO_disable_irq
                0x0000bed8       0x50 C:\Users\kylebs\Desktop\FreeRTOS-lwIP-takeDeux\FreeRTOS-lwIP\Webserver_uIPRTOS_SC_DF\EVAL_KIT\SF_Webserver_Demo\SoftConsole\Webserver_MSS_CM3_0\Webserver_MSS_CM3_0_hw_platform\Debug\libWebserver_MSS_CM3_0_hw_platform.a(mss_gpio.o)
                0x0000bed8                MSS_GPIO_disable_irq
 .text.MSS_GPIO_clear_irq
                0x0000bf28       0x50 C:\Users\kylebs\Desktop\FreeRTOS-lwIP-takeDeux\FreeRTOS-lwIP\Webserver_uIPRTOS_SC_DF\EVAL_KIT\SF_Webserver_Demo\SoftConsole\Webserver_MSS_CM3_0\Webserver_MSS_CM3_0_hw_platform\Debug\libWebserver_MSS_CM3_0_hw_platform.a(mss_gpio.o)
                0x0000bf28                MSS_GPIO_clear_irq
 .text.MSS_MAC_init
                0x0000bf78      0x318 C:\Users\kylebs\Desktop\FreeRTOS-lwIP-takeDeux\FreeRTOS-lwIP\Webserver_uIPRTOS_SC_DF\EVAL_KIT\SF_Webserver_Demo\SoftConsole\Webserver_MSS_CM3_0\Webserver_MSS_CM3_0_hw_platform\Debug\libWebserver_MSS_CM3_0_hw_platform.a(mss_ethernet_mac.o)
                0x0000bf78                MSS_MAC_init
 .text.MSS_MAC_configure
                0x0000c290      0x238 C:\Users\kylebs\Desktop\FreeRTOS-lwIP-takeDeux\FreeRTOS-lwIP\Webserver_uIPRTOS_SC_DF\EVAL_KIT\SF_Webserver_Demo\SoftConsole\Webserver_MSS_CM3_0\Webserver_MSS_CM3_0_hw_platform\Debug\libWebserver_MSS_CM3_0_hw_platform.a(mss_ethernet_mac.o)
                0x0000c290                MSS_MAC_configure
 .text.MSS_MAC_get_configuration
                0x0000c4c8      0x150 C:\Users\kylebs\Desktop\FreeRTOS-lwIP-takeDeux\FreeRTOS-lwIP\Webserver_uIPRTOS_SC_DF\EVAL_KIT\SF_Webserver_Demo\SoftConsole\Webserver_MSS_CM3_0\Webserver_MSS_CM3_0_hw_platform\Debug\libWebserver_MSS_CM3_0_hw_platform.a(mss_ethernet_mac.o)
                0x0000c4c8                MSS_MAC_get_configuration
 .text.MSS_MAC_tx_packet
                0x0000c618      0x428 C:\Users\kylebs\Desktop\FreeRTOS-lwIP-takeDeux\FreeRTOS-lwIP\Webserver_uIPRTOS_SC_DF\EVAL_KIT\SF_Webserver_Demo\SoftConsole\Webserver_MSS_CM3_0\Webserver_MSS_CM3_0_hw_platform\Debug\libWebserver_MSS_CM3_0_hw_platform.a(mss_ethernet_mac.o)
                0x0000c618                MSS_MAC_tx_packet
 .text.MSS_MAC_rx_pckt_size
                0x0000ca40       0x80 C:\Users\kylebs\Desktop\FreeRTOS-lwIP-takeDeux\FreeRTOS-lwIP\Webserver_uIPRTOS_SC_DF\EVAL_KIT\SF_Webserver_Demo\SoftConsole\Webserver_MSS_CM3_0\Webserver_MSS_CM3_0_hw_platform\Debug\libWebserver_MSS_CM3_0_hw_platform.a(mss_ethernet_mac.o)
                0x0000ca40                MSS_MAC_rx_pckt_size
 .text.MSS_MAC_rx_packet
                0x0000cac0      0x154 C:\Users\kylebs\Desktop\FreeRTOS-lwIP-takeDeux\FreeRTOS-lwIP\Webserver_uIPRTOS_SC_DF\EVAL_KIT\SF_Webserver_Demo\SoftConsole\Webserver_MSS_CM3_0\Webserver_MSS_CM3_0_hw_platform\Debug\libWebserver_MSS_CM3_0_hw_platform.a(mss_ethernet_mac.o)
                0x0000cac0                MSS_MAC_rx_packet
 .text.MSS_MAC_link_status
                0x0000cc14       0x3c C:\Users\kylebs\Desktop\FreeRTOS-lwIP-takeDeux\FreeRTOS-lwIP\Webserver_uIPRTOS_SC_DF\EVAL_KIT\SF_Webserver_Demo\SoftConsole\Webserver_MSS_CM3_0\Webserver_MSS_CM3_0_hw_platform\Debug\libWebserver_MSS_CM3_0_hw_platform.a(mss_ethernet_mac.o)
                0x0000cc14                MSS_MAC_link_status
 .text.MSS_MAC_auto_setup_link
                0x0000cc50       0xb8 C:\Users\kylebs\Desktop\FreeRTOS-lwIP-takeDeux\FreeRTOS-lwIP\Webserver_uIPRTOS_SC_DF\EVAL_KIT\SF_Webserver_Demo\SoftConsole\Webserver_MSS_CM3_0\Webserver_MSS_CM3_0_hw_platform\Debug\libWebserver_MSS_CM3_0_hw_platform.a(mss_ethernet_mac.o)
                0x0000cc50                MSS_MAC_auto_setup_link
 .text.MSS_MAC_set_mac_address
                0x0000cd08       0x9c C:\Users\kylebs\Desktop\FreeRTOS-lwIP-takeDeux\FreeRTOS-lwIP\Webserver_uIPRTOS_SC_DF\EVAL_KIT\SF_Webserver_Demo\SoftConsole\Webserver_MSS_CM3_0\Webserver_MSS_CM3_0_hw_platform\Debug\libWebserver_MSS_CM3_0_hw_platform.a(mss_ethernet_mac.o)
                0x0000cd08                MSS_MAC_set_mac_address
 .text.MSS_MAC_set_mac_filters
                0x0000cda4      0x190 C:\Users\kylebs\Desktop\FreeRTOS-lwIP-takeDeux\FreeRTOS-lwIP\Webserver_uIPRTOS_SC_DF\EVAL_KIT\SF_Webserver_Demo\SoftConsole\Webserver_MSS_CM3_0\Webserver_MSS_CM3_0_hw_platform\Debug\libWebserver_MSS_CM3_0_hw_platform.a(mss_ethernet_mac.o)
                0x0000cda4                MSS_MAC_set_mac_filters
 .text.EthernetMAC_IRQHandler
                0x0000cf34       0xf8 C:\Users\kylebs\Desktop\FreeRTOS-lwIP-takeDeux\FreeRTOS-lwIP\Webserver_uIPRTOS_SC_DF\EVAL_KIT\SF_Webserver_Demo\SoftConsole\Webserver_MSS_CM3_0\Webserver_MSS_CM3_0_hw_platform\Debug\libWebserver_MSS_CM3_0_hw_platform.a(mss_ethernet_mac.o)
                0x0000cf34                EthernetMAC_IRQHandler
 .text.MAC_test_instance
                0x0000d02c       0x7c C:\Users\kylebs\Desktop\FreeRTOS-lwIP-takeDeux\FreeRTOS-lwIP\Webserver_uIPRTOS_SC_DF\EVAL_KIT\SF_Webserver_Demo\SoftConsole\Webserver_MSS_CM3_0\Webserver_MSS_CM3_0_hw_platform\Debug\libWebserver_MSS_CM3_0_hw_platform.a(mss_ethernet_mac.o)
 .text.MSS_MAC_prepare_rx_descriptor
                0x0000d0a8      0x27c C:\Users\kylebs\Desktop\FreeRTOS-lwIP-takeDeux\FreeRTOS-lwIP\Webserver_uIPRTOS_SC_DF\EVAL_KIT\SF_Webserver_Demo\SoftConsole\Webserver_MSS_CM3_0\Webserver_MSS_CM3_0_hw_platform\Debug\libWebserver_MSS_CM3_0_hw_platform.a(mss_ethernet_mac.o)
                0x0000d0a8                MSS_MAC_prepare_rx_descriptor
 .text.MAC_send_setup_frame
                0x0000d324      0x330 C:\Users\kylebs\Desktop\FreeRTOS-lwIP-takeDeux\FreeRTOS-lwIP\Webserver_uIPRTOS_SC_DF\EVAL_KIT\SF_Webserver_Demo\SoftConsole\Webserver_MSS_CM3_0\Webserver_MSS_CM3_0_hw_platform\Debug\libWebserver_MSS_CM3_0_hw_platform.a(mss_ethernet_mac.o)
 .text.MAC_stop_transmission
                0x0000d654       0x60 C:\Users\kylebs\Desktop\FreeRTOS-lwIP-takeDeux\FreeRTOS-lwIP\Webserver_uIPRTOS_SC_DF\EVAL_KIT\SF_Webserver_Demo\SoftConsole\Webserver_MSS_CM3_0\Webserver_MSS_CM3_0_hw_platform\Debug\libWebserver_MSS_CM3_0_hw_platform.a(mss_ethernet_mac.o)
 .text.MAC_start_transmission
                0x0000d6b4       0x1c C:\Users\kylebs\Desktop\FreeRTOS-lwIP-takeDeux\FreeRTOS-lwIP\Webserver_uIPRTOS_SC_DF\EVAL_KIT\SF_Webserver_Demo\SoftConsole\Webserver_MSS_CM3_0\Webserver_MSS_CM3_0_hw_platform\Debug\libWebserver_MSS_CM3_0_hw_platform.a(mss_ethernet_mac.o)
 .text.MAC_stop_receiving
                0x0000d6d0       0x60 C:\Users\kylebs\Desktop\FreeRTOS-lwIP-takeDeux\FreeRTOS-lwIP\Webserver_uIPRTOS_SC_DF\EVAL_KIT\SF_Webserver_Demo\SoftConsole\Webserver_MSS_CM3_0\Webserver_MSS_CM3_0_hw_platform\Debug\libWebserver_MSS_CM3_0_hw_platform.a(mss_ethernet_mac.o)
 .text.MAC_start_receiving
                0x0000d730       0x1c C:\Users\kylebs\Desktop\FreeRTOS-lwIP-takeDeux\FreeRTOS-lwIP\Webserver_uIPRTOS_SC_DF\EVAL_KIT\SF_Webserver_Demo\SoftConsole\Webserver_MSS_CM3_0\Webserver_MSS_CM3_0_hw_platform\Debug\libWebserver_MSS_CM3_0_hw_platform.a(mss_ethernet_mac.o)
 .text.MAC_dismiss_bad_frames
                0x0000d74c       0xa4 C:\Users\kylebs\Desktop\FreeRTOS-lwIP-takeDeux\FreeRTOS-lwIP\Webserver_uIPRTOS_SC_DF\EVAL_KIT\SF_Webserver_Demo\SoftConsole\Webserver_MSS_CM3_0\Webserver_MSS_CM3_0_hw_platform\Debug\libWebserver_MSS_CM3_0_hw_platform.a(mss_ethernet_mac.o)
 .text.MAC_set_time_out
                0x0000d7f0       0x50 C:\Users\kylebs\Desktop\FreeRTOS-lwIP-takeDeux\FreeRTOS-lwIP\Webserver_uIPRTOS_SC_DF\EVAL_KIT\SF_Webserver_Demo\SoftConsole\Webserver_MSS_CM3_0\Webserver_MSS_CM3_0_hw_platform\Debug\libWebserver_MSS_CM3_0_hw_platform.a(mss_ethernet_mac.o)
 .text.MAC_get_time_out
                0x0000d840       0xf4 C:\Users\kylebs\Desktop\FreeRTOS-lwIP-takeDeux\FreeRTOS-lwIP\Webserver_uIPRTOS_SC_DF\EVAL_KIT\SF_Webserver_Demo\SoftConsole\Webserver_MSS_CM3_0\Webserver_MSS_CM3_0_hw_platform\Debug\libWebserver_MSS_CM3_0_hw_platform.a(mss_ethernet_mac.o)
 .text.MAC_memset
                0x0000d934       0x38 C:\Users\kylebs\Desktop\FreeRTOS-lwIP-takeDeux\FreeRTOS-lwIP\Webserver_uIPRTOS_SC_DF\EVAL_KIT\SF_Webserver_Demo\SoftConsole\Webserver_MSS_CM3_0\Webserver_MSS_CM3_0_hw_platform\Debug\libWebserver_MSS_CM3_0_hw_platform.a(mss_ethernet_mac.o)
 .text.MAC_memset_All
                0x0000d96c      0x2cc C:\Users\kylebs\Desktop\FreeRTOS-lwIP-takeDeux\FreeRTOS-lwIP\Webserver_uIPRTOS_SC_DF\EVAL_KIT\SF_Webserver_Demo\SoftConsole\Webserver_MSS_CM3_0\Webserver_MSS_CM3_0_hw_platform\Debug\libWebserver_MSS_CM3_0_hw_platform.a(mss_ethernet_mac.o)
 .text.MAC_memcpy
                0x0000dc38       0x3c C:\Users\kylebs\Desktop\FreeRTOS-lwIP-takeDeux\FreeRTOS-lwIP\Webserver_uIPRTOS_SC_DF\EVAL_KIT\SF_Webserver_Demo\SoftConsole\Webserver_MSS_CM3_0\Webserver_MSS_CM3_0_hw_platform\Debug\libWebserver_MSS_CM3_0_hw_platform.a(mss_ethernet_mac.o)
 .text.MDIO_management_clock
                0x0000dc74       0x38 C:\Users\kylebs\Desktop\FreeRTOS-lwIP-takeDeux\FreeRTOS-lwIP\Webserver_uIPRTOS_SC_DF\EVAL_KIT\SF_Webserver_Demo\SoftConsole\Webserver_MSS_CM3_0\Webserver_MSS_CM3_0_hw_platform\Debug\libWebserver_MSS_CM3_0_hw_platform.a(phy.o)
 .text.MDIO_send_cmd
                0x0000dcac      0x104 C:\Users\kylebs\Desktop\FreeRTOS-lwIP-takeDeux\FreeRTOS-lwIP\Webserver_uIPRTOS_SC_DF\EVAL_KIT\SF_Webserver_Demo\SoftConsole\Webserver_MSS_CM3_0\Webserver_MSS_CM3_0_hw_platform\Debug\libWebserver_MSS_CM3_0_hw_platform.a(phy.o)
 .text.MDIO_read
                0x0000ddb0       0x70 C:\Users\kylebs\Desktop\FreeRTOS-lwIP-takeDeux\FreeRTOS-lwIP\Webserver_uIPRTOS_SC_DF\EVAL_KIT\SF_Webserver_Demo\SoftConsole\Webserver_MSS_CM3_0\Webserver_MSS_CM3_0_hw_platform\Debug\libWebserver_MSS_CM3_0_hw_platform.a(phy.o)
 .text.MDIO_write
                0x0000de20       0x74 C:\Users\kylebs\Desktop\FreeRTOS-lwIP-takeDeux\FreeRTOS-lwIP\Webserver_uIPRTOS_SC_DF\EVAL_KIT\SF_Webserver_Demo\SoftConsole\Webserver_MSS_CM3_0\Webserver_MSS_CM3_0_hw_platform\Debug\libWebserver_MSS_CM3_0_hw_platform.a(phy.o)
 .text.PHY_probe
                0x0000de94       0x8c C:\Users\kylebs\Desktop\FreeRTOS-lwIP-takeDeux\FreeRTOS-lwIP\Webserver_uIPRTOS_SC_DF\EVAL_KIT\SF_Webserver_Demo\SoftConsole\Webserver_MSS_CM3_0\Webserver_MSS_CM3_0_hw_platform\Debug\libWebserver_MSS_CM3_0_hw_platform.a(phy.o)
                0x0000de94                PHY_probe
 .text.PHY_reset
                0x0000df20       0x20 C:\Users\kylebs\Desktop\FreeRTOS-lwIP-takeDeux\FreeRTOS-lwIP\Webserver_uIPRTOS_SC_DF\EVAL_KIT\SF_Webserver_Demo\SoftConsole\Webserver_MSS_CM3_0\Webserver_MSS_CM3_0_hw_platform\Debug\libWebserver_MSS_CM3_0_hw_platform.a(phy.o)
                0x0000df20                PHY_reset
 .text.PHY_auto_negotiate
                0x0000df40       0x70 C:\Users\kylebs\Desktop\FreeRTOS-lwIP-takeDeux\FreeRTOS-lwIP\Webserver_uIPRTOS_SC_DF\EVAL_KIT\SF_Webserver_Demo\SoftConsole\Webserver_MSS_CM3_0\Webserver_MSS_CM3_0_hw_platform\Debug\libWebserver_MSS_CM3_0_hw_platform.a(phy.o)
                0x0000df40                PHY_auto_negotiate
 .text.PHY_link_status
                0x0000dfb0       0x30 C:\Users\kylebs\Desktop\FreeRTOS-lwIP-takeDeux\FreeRTOS-lwIP\Webserver_uIPRTOS_SC_DF\EVAL_KIT\SF_Webserver_Demo\SoftConsole\Webserver_MSS_CM3_0\Webserver_MSS_CM3_0_hw_platform\Debug\libWebserver_MSS_CM3_0_hw_platform.a(phy.o)
                0x0000dfb0                PHY_link_status
 .text.PHY_link_type
                0x0000dfe0       0x48 C:\Users\kylebs\Desktop\FreeRTOS-lwIP-takeDeux\FreeRTOS-lwIP\Webserver_uIPRTOS_SC_DF\EVAL_KIT\SF_Webserver_Demo\SoftConsole\Webserver_MSS_CM3_0\Webserver_MSS_CM3_0_hw_platform\Debug\libWebserver_MSS_CM3_0_hw_platform.a(phy.o)
                0x0000dfe0                PHY_link_type
 .text.PHY_set_link_type
                0x0000e028       0x58 C:\Users\kylebs\Desktop\FreeRTOS-lwIP-takeDeux\FreeRTOS-lwIP\Webserver_uIPRTOS_SC_DF\EVAL_KIT\SF_Webserver_Demo\SoftConsole\Webserver_MSS_CM3_0\Webserver_MSS_CM3_0_hw_platform\Debug\libWebserver_MSS_CM3_0_hw_platform.a(phy.o)
                0x0000e028                PHY_set_link_type
 .text.UART_init
                0x0000e080      0x2a0 C:\Users\kylebs\Desktop\FreeRTOS-lwIP-takeDeux\FreeRTOS-lwIP\Webserver_uIPRTOS_SC_DF\EVAL_KIT\SF_Webserver_Demo\SoftConsole\Webserver_MSS_CM3_0\Webserver_MSS_CM3_0_hw_platform\Debug\libWebserver_MSS_CM3_0_hw_platform.a(core_uart_apb.o)
                0x0000e080                UART_init
 .text.UART_send
                0x0000e320      0x15c C:\Users\kylebs\Desktop\FreeRTOS-lwIP-takeDeux\FreeRTOS-lwIP\Webserver_uIPRTOS_SC_DF\EVAL_KIT\SF_Webserver_Demo\SoftConsole\Webserver_MSS_CM3_0\Webserver_MSS_CM3_0_hw_platform\Debug\libWebserver_MSS_CM3_0_hw_platform.a(core_uart_apb.o)
                0x0000e320                UART_send
 .text.UART_get_rx
                0x0000e47c      0x1b8 C:\Users\kylebs\Desktop\FreeRTOS-lwIP-takeDeux\FreeRTOS-lwIP\Webserver_uIPRTOS_SC_DF\EVAL_KIT\SF_Webserver_Demo\SoftConsole\Webserver_MSS_CM3_0\Webserver_MSS_CM3_0_hw_platform\Debug\libWebserver_MSS_CM3_0_hw_platform.a(core_uart_apb.o)
                0x0000e47c                UART_get_rx
 .text.__get_PRIMASK
                0x0000e634       0x20 C:\Users\kylebs\Desktop\FreeRTOS-lwIP-takeDeux\FreeRTOS-lwIP\Webserver_uIPRTOS_SC_DF\EVAL_KIT\SF_Webserver_Demo\SoftConsole\Webserver_MSS_CM3_0\Webserver_MSS_CM3_0_hw_platform\Debug\libWebserver_MSS_CM3_0_hw_platform.a(core_cm3.o)
                0x0000e634                __get_PRIMASK
 .text.__set_PRIMASK
                0x0000e654       0x18 C:\Users\kylebs\Desktop\FreeRTOS-lwIP-takeDeux\FreeRTOS-lwIP\Webserver_uIPRTOS_SC_DF\EVAL_KIT\SF_Webserver_Demo\SoftConsole\Webserver_MSS_CM3_0\Webserver_MSS_CM3_0_hw_platform\Debug\libWebserver_MSS_CM3_0_hw_platform.a(core_cm3.o)
                0x0000e654                __set_PRIMASK
 .text.SystemInit
                0x0000e66c        0xc C:\Users\kylebs\Desktop\FreeRTOS-lwIP-takeDeux\FreeRTOS-lwIP\Webserver_uIPRTOS_SC_DF\EVAL_KIT\SF_Webserver_Demo\SoftConsole\Webserver_MSS_CM3_0\Webserver_MSS_CM3_0_hw_platform\Debug\libWebserver_MSS_CM3_0_hw_platform.a(system_a2fxxxm3.o)
                0x0000e66c                SystemInit
 .text.SystemCoreClockUpdate
                0x0000e678      0x150 C:\Users\kylebs\Desktop\FreeRTOS-lwIP-takeDeux\FreeRTOS-lwIP\Webserver_uIPRTOS_SC_DF\EVAL_KIT\SF_Webserver_Demo\SoftConsole\Webserver_MSS_CM3_0\Webserver_MSS_CM3_0_hw_platform\Debug\libWebserver_MSS_CM3_0_hw_platform.a(system_a2fxxxm3.o)
                0x0000e678                SystemCoreClockUpdate
 .text.GetSystemClock
                0x0000e7c8       0xe8 C:\Users\kylebs\Desktop\FreeRTOS-lwIP-takeDeux\FreeRTOS-lwIP\Webserver_uIPRTOS_SC_DF\EVAL_KIT\SF_Webserver_Demo\SoftConsole\Webserver_MSS_CM3_0\Webserver_MSS_CM3_0_hw_platform\Debug\libWebserver_MSS_CM3_0_hw_platform.a(system_a2fxxxm3.o)
 .text.HAL_assert_fail
                0x0000e8b0       0x28 C:\Users\kylebs\Desktop\FreeRTOS-lwIP-takeDeux\FreeRTOS-lwIP\Webserver_uIPRTOS_SC_DF\EVAL_KIT\SF_Webserver_Demo\SoftConsole\Webserver_MSS_CM3_0\Webserver_MSS_CM3_0_hw_platform\Debug\libWebserver_MSS_CM3_0_hw_platform.a(hal_assert.o)
                0x0000e8b0                HAL_assert_fail
 .text          0x0000e8d8       0x90 C:\Users\kylebs\Desktop\FreeRTOS-lwIP-takeDeux\FreeRTOS-lwIP\Webserver_uIPRTOS_SC_DF\EVAL_KIT\SF_Webserver_Demo\SoftConsole\Webserver_MSS_CM3_0\Webserver_MSS_CM3_0_hw_platform\Debug\libWebserver_MSS_CM3_0_hw_platform.a(hw_reg_access.o)
                0x0000e8d8                HW_set_32bit_reg
                0x0000e8dc                HW_get_32bit_reg
                0x0000e8e0                HW_set_32bit_reg_field
                0x0000e8fc                HW_get_32bit_reg_field
                0x0000e908                HW_set_16bit_reg
                0x0000e90c                HW_get_16bit_reg
                0x0000e910                HW_set_16bit_reg_field
                0x0000e92c                HW_get_16bit_reg_field
                0x0000e938                HW_set_8bit_reg
                0x0000e93c                HW_get_8bit_reg
                0x0000e940                HW_set_8bit_reg_field
                0x0000e95c                HW_get_8bit_reg_field
 .text.mss_mac_crc32
                0x0000e968       0x60 C:\Users\kylebs\Desktop\FreeRTOS-lwIP-takeDeux\FreeRTOS-lwIP\Webserver_uIPRTOS_SC_DF\EVAL_KIT\SF_Webserver_Demo\SoftConsole\Webserver_MSS_CM3_0\Webserver_MSS_CM3_0_hw_platform\Debug\libWebserver_MSS_CM3_0_hw_platform.a(crc32.o)
                0x0000e968                mss_mac_crc32
 .text.mss_ethernet_crc
                0x0000e9c8       0x24 C:\Users\kylebs\Desktop\FreeRTOS-lwIP-takeDeux\FreeRTOS-lwIP\Webserver_uIPRTOS_SC_DF\EVAL_KIT\SF_Webserver_Demo\SoftConsole\Webserver_MSS_CM3_0\Webserver_MSS_CM3_0_hw_platform\Debug\libWebserver_MSS_CM3_0_hw_platform.a(crc32.o)
                0x0000e9c8                mss_ethernet_crc
 .text          0x0000e9ec      0x21c c:/actel/libero_v9.1/softconsole/sourcery-g++/bin/../lib/gcc/arm-none-eabi/4.4.1/thumb2\libgcc.a(_arm_addsubsf3.o)
                0x0000e9ec                __aeabi_frsub
                0x0000e9f4                __subsf3
                0x0000e9f4                __aeabi_fsub
                0x0000e9f8                __aeabi_fadd
                0x0000e9f8                __addsf3
                0x0000eb58                __aeabi_ui2f
                0x0000eb58                __floatunsisf
                0x0000eb60                __aeabi_i2f
                0x0000eb60                __floatsisf
                0x0000eb7c                __aeabi_ul2f
                0x0000eb7c                __floatundisf
                0x0000eb8c                __aeabi_l2f
                0x0000eb8c                __floatdisf
 .text          0x0000ec08      0x2a0 c:/actel/libero_v9.1/softconsole/sourcery-g++/bin/../lib/gcc/arm-none-eabi/4.4.1/thumb2\libgcc.a(_arm_muldivsf3.o)
                0x0000ec08                __mulsf3
                0x0000ec08                __aeabi_fmul
                0x0000ed70                __aeabi_fdiv
                0x0000ed70                __divsf3
 .text          0x0000eea8       0x40 c:/actel/libero_v9.1/softconsole/sourcery-g++/bin/../lib/gcc/arm-none-eabi/4.4.1/thumb2\libgcc.a(_arm_fixunssfsi.o)
                0x0000eea8                __fixunssfsi
                0x0000eea8                __aeabi_f2uiz
 .text          0x0000eee8       0x50 c:/actel/libero_v9.1/softconsole/sourcery-g++/bin/../lib/gcc/arm-none-eabi/4.4.1/../../../../arm-none-eabi/lib/thumb2\libc.a(lib_a-init.o)
                0x0000eee8                __libc_init_array
 .text          0x0000ef38       0x20 c:/actel/libero_v9.1/softconsole/sourcery-g++/bin/../lib/gcc/arm-none-eabi/4.4.1/../../../../arm-none-eabi/lib/thumb2\libc.a(lib_a-malloc.o)
                0x0000ef38                free
                0x0000ef48                malloc
 .text          0x0000ef58      0x5a4 c:/actel/libero_v9.1/softconsole/sourcery-g++/bin/../lib/gcc/arm-none-eabi/4.4.1/../../../../arm-none-eabi/lib/thumb2\libc.a(lib_a-mallocr.o)
                0x0000ef58                _malloc_r
 .text          0x0000f4fc       0x64 c:/actel/libero_v9.1/softconsole/sourcery-g++/bin/../lib/gcc/arm-none-eabi/4.4.1/../../../../arm-none-eabi/lib/thumb2\libc.a(lib_a-memcmp.o)
                0x0000f4fc                memcmp
 .text          0x0000f560      0x190 c:/actel/libero_v9.1/softconsole/sourcery-g++/bin/../lib/gcc/arm-none-eabi/4.4.1/../../../../arm-none-eabi/lib/thumb2\libc.a(lib_a-memcpy.o)
                0x0000f560                memcpy
 .text          0x0000f6f0       0xd4 c:/actel/libero_v9.1/softconsole/sourcery-g++/bin/../lib/gcc/arm-none-eabi/4.4.1/../../../../arm-none-eabi/lib/thumb2\libc.a(lib_a-memset.o)
                0x0000f6f0                memset
 .text          0x0000f7c4        0x8 c:/actel/libero_v9.1/softconsole/sourcery-g++/bin/../lib/gcc/arm-none-eabi/4.4.1/../../../../arm-none-eabi/lib/thumb2\libc.a(lib_a-mlock.o)
                0x0000f7c4                __malloc_lock
                0x0000f7c8                __malloc_unlock
 .text          0x0000f7cc       0x64 c:/actel/libero_v9.1/softconsole/sourcery-g++/bin/../lib/gcc/arm-none-eabi/4.4.1/../../../../arm-none-eabi/lib/thumb2\libc.a(lib_a-printf.o)
                0x0000f7cc                printf
                0x0000f804                _printf_r
 .text          0x0000f830       0x4c c:/actel/libero_v9.1/softconsole/sourcery-g++/bin/../lib/gcc/arm-none-eabi/4.4.1/../../../../arm-none-eabi/lib/thumb2\libc.a(lib_a-putchar.o)
                0x0000f830                putchar
                0x0000f858                _putchar_r
 .text          0x0000f87c       0x88 c:/actel/libero_v9.1/softconsole/sourcery-g++/bin/../lib/gcc/arm-none-eabi/4.4.1/../../../../arm-none-eabi/lib/thumb2\libc.a(lib_a-puts.o)
                0x0000f87c                _puts_r
                0x0000f8f4                puts
 .text          0x0000f904       0x28 c:/actel/libero_v9.1/softconsole/sourcery-g++/bin/../lib/gcc/arm-none-eabi/4.4.1/../../../../arm-none-eabi/lib/thumb2\libc.a(lib_a-sbrkr.o)
                0x0000f904                _sbrk_r
 .text          0x0000f92c       0x94 c:/actel/libero_v9.1/softconsole/sourcery-g++/bin/../lib/gcc/arm-none-eabi/4.4.1/../../../../arm-none-eabi/lib/thumb2\libc.a(lib_a-sprintf.o)
                0x0000f92c                sprintf
                0x0000f97c                _sprintf_r
 .text          0x0000f9c0       0xb8 c:/actel/libero_v9.1/softconsole/sourcery-g++/bin/../lib/gcc/arm-none-eabi/4.4.1/../../../../arm-none-eabi/lib/thumb2\libc.a(lib_a-sscanf.o)
                0x0000f9c4                _sscanf_r
                0x0000fa1c                sscanf
 .text          0x0000fa78       0xc0 c:/actel/libero_v9.1/softconsole/sourcery-g++/bin/../lib/gcc/arm-none-eabi/4.4.1/../../../../arm-none-eabi/lib/thumb2\libc.a(lib_a-strchr.o)
                0x0000fa78                strchr
 .text          0x0000fb38      0x1dc c:/actel/libero_v9.1/softconsole/sourcery-g++/bin/../lib/gcc/arm-none-eabi/4.4.1/../../../../arm-none-eabi/lib/thumb2\libc.a(lib_a-strcmp.o)
                0x0000fb38                strcmp
 .text          0x0000fd14       0xbc c:/actel/libero_v9.1/softconsole/sourcery-g++/bin/../lib/gcc/arm-none-eabi/4.4.1/../../../../arm-none-eabi/lib/thumb2\libc.a(lib_a-strcpy.o)
                0x0000fd14                strcpy
 .text          0x0000fdd0       0x60 c:/actel/libero_v9.1/softconsole/sourcery-g++/bin/../lib/gcc/arm-none-eabi/4.4.1/../../../../arm-none-eabi/lib/thumb2\libc.a(lib_a-strlen.o)
                0x0000fdd0                strlen
 .text          0x0000fe30       0xa8 c:/actel/libero_v9.1/softconsole/sourcery-g++/bin/../lib/gcc/arm-none-eabi/4.4.1/../../../../arm-none-eabi/lib/thumb2\libc.a(lib_a-strncmp.o)
                0x0000fe30                strncmp
 .text          0x0000fed8       0x78 c:/actel/libero_v9.1/softconsole/sourcery-g++/bin/../lib/gcc/arm-none-eabi/4.4.1/../../../../arm-none-eabi/lib/thumb2\libc.a(lib_a-strncpy.o)
                0x0000fed8                strncpy
 .text          0x0000ff50     0x15a8 c:/actel/libero_v9.1/softconsole/sourcery-g++/bin/../lib/gcc/arm-none-eabi/4.4.1/../../../../arm-none-eabi/lib/thumb2\libc.a(lib_a-svfprintf.o)
                0x0001006c                _svfprintf_r
 .text          0x000114f8     0x10f8 c:/actel/libero_v9.1/softconsole/sourcery-g++/bin/../lib/gcc/arm-none-eabi/4.4.1/../../../../arm-none-eabi/lib/thumb2\libc.a(lib_a-svfscanf.o)
                0x000115c4                __ssvfscanf_r
 .text          0x000125f0      0x1bc c:/actel/libero_v9.1/softconsole/sourcery-g++/bin/../lib/gcc/arm-none-eabi/4.4.1/../../../../arm-none-eabi/lib/thumb2\libc.a(lib_a-ungetc.o)
                0x000125f0                __submore
                0x0001266c                _ungetc_r
                0x0001279c                ungetc
 .text          0x000127ac     0x1940 c:/actel/libero_v9.1/softconsole/sourcery-g++/bin/../lib/gcc/arm-none-eabi/4.4.1/../../../../arm-none-eabi/lib/thumb2\libc.a(lib_a-vfprintf.o)
                0x000127c8                _vfprintf_r
                0x000140d0                vfprintf
 .text          0x000140ec      0x104 c:/actel/libero_v9.1/softconsole/sourcery-g++/bin/../lib/gcc/arm-none-eabi/4.4.1/../../../../arm-none-eabi/lib/thumb2\libc.a(lib_a-wsetup.o)
                0x000140ec                __swsetup_r
 .text          0x000141f0      0xfb8 c:/actel/libero_v9.1/softconsole/sourcery-g++/bin/../lib/gcc/arm-none-eabi/4.4.1/../../../../arm-none-eabi/lib/thumb2\libc.a(lib_a-dtoa.o)
                0x00014310                _dtoa_r
 .text          0x000151a8      0x178 c:/actel/libero_v9.1/softconsole/sourcery-g++/bin/../lib/gcc/arm-none-eabi/4.4.1/../../../../arm-none-eabi/lib/thumb2\libc.a(lib_a-fflush.o)
                0x000151a8                _fflush_r
                0x000152f8                fflush
 .text          0x00015320      0x1c8 c:/actel/libero_v9.1/softconsole/sourcery-g++/bin/../lib/gcc/arm-none-eabi/4.4.1/../../../../arm-none-eabi/lib/thumb2\libc.a(lib_a-findfp.o)
                0x00015320                __sfp_lock_acquire
                0x00015324                __sfp_lock_release
                0x00015328                __sinit_lock_acquire
                0x0001532c                __sinit_lock_release
                0x00015338                __fp_unlock_all
                0x00015350                __fp_lock_all
                0x00015368                _cleanup_r
                0x00015374                _cleanup
                0x000153d0                __sfmoreglue
                0x00015400                __sfp
                0x00015488                __sinit
 .text          0x000154e8      0x268 c:/actel/libero_v9.1/softconsole/sourcery-g++/bin/../lib/gcc/arm-none-eabi/4.4.1/../../../../arm-none-eabi/lib/thumb2\libc.a(lib_a-freer.o)
                0x000154e8                _malloc_trim_r
                0x00015590                _free_r
 .text          0x00015750      0x334 c:/actel/libero_v9.1/softconsole/sourcery-g++/bin/../lib/gcc/arm-none-eabi/4.4.1/../../../../arm-none-eabi/lib/thumb2\libc.a(lib_a-fvwrite.o)
                0x00015750                __sfvwrite_r
 .text          0x00015a84       0xa0 c:/actel/libero_v9.1/softconsole/sourcery-g++/bin/../lib/gcc/arm-none-eabi/4.4.1/../../../../arm-none-eabi/lib/thumb2\libc.a(lib_a-fwalk.o)
                0x00015a84                _fwalk_reent
                0x00015ad8                _fwalk
 .text          0x00015b24       0x1c c:/actel/libero_v9.1/softconsole/sourcery-g++/bin/../lib/gcc/arm-none-eabi/4.4.1/../../../../arm-none-eabi/lib/thumb2\libc.a(lib_a-iswspace.o)
                0x00015b24                iswspace
 .text          0x00015b40       0x74 c:/actel/libero_v9.1/softconsole/sourcery-g++/bin/../lib/gcc/arm-none-eabi/4.4.1/../../../../arm-none-eabi/lib/thumb2\libc.a(lib_a-locale.o)
                0x00015b40                __locale_charset
                0x00015b4c                _localeconv_r
                0x00015b54                localeconv
                0x00015b5c                _setlocale_r
                0x00015ba4                setlocale
 .text          0x00015bb4       0xdc c:/actel/libero_v9.1/softconsole/sourcery-g++/bin/../lib/gcc/arm-none-eabi/4.4.1/../../../../arm-none-eabi/lib/thumb2\libc.a(lib_a-makebuf.o)
                0x00015bb4                __smakebuf_r
 .text          0x00015c90       0x5c c:/actel/libero_v9.1/softconsole/sourcery-g++/bin/../lib/gcc/arm-none-eabi/4.4.1/../../../../arm-none-eabi/lib/thumb2\libc.a(lib_a-mbrtowc.o)
                0x00015c90                _mbrtowc_r
                0x00015cc8                mbrtowc
 .text          0x00015cec       0x38 c:/actel/libero_v9.1/softconsole/sourcery-g++/bin/../lib/gcc/arm-none-eabi/4.4.1/../../../../arm-none-eabi/lib/thumb2\libc.a(lib_a-mbtowc_r.o)
                0x00015cec                _mbtowc_r
 .text          0x00015d24       0x74 c:/actel/libero_v9.1/softconsole/sourcery-g++/bin/../lib/gcc/arm-none-eabi/4.4.1/../../../../arm-none-eabi/lib/thumb2\libc.a(lib_a-memchr.o)
                0x00015d24                memchr
 .text          0x00015d98       0xb8 c:/actel/libero_v9.1/softconsole/sourcery-g++/bin/../lib/gcc/arm-none-eabi/4.4.1/../../../../arm-none-eabi/lib/thumb2\libc.a(lib_a-memmove.o)
                0x00015d98                memmove
 .text          0x00015e50      0x958 c:/actel/libero_v9.1/softconsole/sourcery-g++/bin/../lib/gcc/arm-none-eabi/4.4.1/../../../../arm-none-eabi/lib/thumb2\libc.a(lib_a-mprec.o)
                0x00015e50                __hi0bits
                0x00015e90                __lo0bits
                0x00015ef4                __mcmp
                0x00015f34                __ulp
                0x00015f80                __b2d
                0x00016028                __ratio
                0x00016088                _mprec_log10
                0x000160c0                __copybits
                0x00016110                __any_on
                0x00016168                _Bfree
                0x000161a0                _Balloc
                0x0001620c                __d2b
                0x000162dc                __mdiff
                0x000163d4                __lshift
                0x00016490                __multiply
                0x000165c4                __i2b
                0x000165d8                __multadd
                0x00016660                __pow5mult
                0x0001670c                __s2b
 .text          0x000167a8      0x138 c:/actel/libero_v9.1/softconsole/sourcery-g++/bin/../lib/gcc/arm-none-eabi/4.4.1/../../../../arm-none-eabi/lib/thumb2\libc.a(lib_a-putc.o)
                0x000167a8                putc
                0x00016850                _putc_r
 .text          0x000168e0      0x3b4 c:/actel/libero_v9.1/softconsole/sourcery-g++/bin/../lib/gcc/arm-none-eabi/4.4.1/../../../../arm-none-eabi/lib/thumb2\libc.a(lib_a-reallocr.o)
                0x000168e0                _realloc_r
 .text          0x00016c94       0x24 c:/actel/libero_v9.1/softconsole/sourcery-g++/bin/../lib/gcc/arm-none-eabi/4.4.1/../../../../arm-none-eabi/lib/thumb2\libc.a(lib_a-s_isinfd.o)
                0x00016c94                __isinfd
 .text          0x00016cb8       0x1c c:/actel/libero_v9.1/softconsole/sourcery-g++/bin/../lib/gcc/arm-none-eabi/4.4.1/../../../../arm-none-eabi/lib/thumb2\libc.a(lib_a-s_isnand.o)
                0x00016cb8                __isnand
 .text          0x00016cd4       0x74 c:/actel/libero_v9.1/softconsole/sourcery-g++/bin/../lib/gcc/arm-none-eabi/4.4.1/../../../../arm-none-eabi/lib/thumb2\libc.a(lib_a-sccl.o)
                0x00016cd4                __sccl
 .text          0x00016d48        0xc c:/actel/libero_v9.1/softconsole/sourcery-g++/bin/../lib/gcc/arm-none-eabi/4.4.1/../../../../arm-none-eabi/lib/thumb2\libc.a(lib_a-sf_nan.o)
                0x00016d48                nanf
 .text          0x00016d54       0x90 c:/actel/libero_v9.1/softconsole/sourcery-g++/bin/../lib/gcc/arm-none-eabi/4.4.1/../../../../arm-none-eabi/lib/thumb2\libc.a(lib_a-stdio.o)
                0x00016d54                __sclose
                0x00016d5c                __sseek
                0x00016d84                __swrite
                0x00016dc0                __sread
 *fill*         0x00016de4        0x4 00
 .text          0x00016de8     0x1010 c:/actel/libero_v9.1/softconsole/sourcery-g++/bin/../lib/gcc/arm-none-eabi/4.4.1/../../../../arm-none-eabi/lib/thumb2\libc.a(lib_a-strtod.o)
                0x00016de8                _strtod_r
                0x00017d58                strtof
                0x00017de4                strtod
 .text          0x00017df8      0x158 c:/actel/libero_v9.1/softconsole/sourcery-g++/bin/../lib/gcc/arm-none-eabi/4.4.1/../../../../arm-none-eabi/lib/thumb2\libc.a(lib_a-strtol.o)
                0x00017df8                _strtol_r
                0x00017f38                strtol
 .text          0x00017f50      0x1f0 c:/actel/libero_v9.1/softconsole/sourcery-g++/bin/../lib/gcc/arm-none-eabi/4.4.1/../../../../arm-none-eabi/lib/thumb2\libc.a(lib_a-strtoll_r.o)
                0x00017f50                _strtoll_r
 .text          0x00018140      0x154 c:/actel/libero_v9.1/softconsole/sourcery-g++/bin/../lib/gcc/arm-none-eabi/4.4.1/../../../../arm-none-eabi/lib/thumb2\libc.a(lib_a-strtoul.o)
                0x00018140                _strtoul_r
                0x0001827c                strtoul
 .text          0x00018294      0x1ec c:/actel/libero_v9.1/softconsole/sourcery-g++/bin/../lib/gcc/arm-none-eabi/4.4.1/../../../../arm-none-eabi/lib/thumb2\libc.a(lib_a-strtoull_r.o)
                0x00018294                _strtoull_r
 .text          0x00018480       0xf8 c:/actel/libero_v9.1/softconsole/sourcery-g++/bin/../lib/gcc/arm-none-eabi/4.4.1/../../../../arm-none-eabi/lib/thumb2\libc.a(lib_a-wbuf.o)
                0x00018480                __swbuf_r
                0x00018568                __swbuf
 .text          0x00018578       0x5c c:/actel/libero_v9.1/softconsole/sourcery-g++/bin/../lib/gcc/arm-none-eabi/4.4.1/../../../../arm-none-eabi/lib/thumb2\libc.a(lib_a-callocr.o)
                0x00018578                _calloc_r
 .text          0x000185d4       0x28 c:/actel/libero_v9.1/softconsole/sourcery-g++/bin/../lib/gcc/arm-none-eabi/4.4.1/../../../../arm-none-eabi/lib/thumb2\libc.a(lib_a-closer.o)
                0x000185d4                _close_r
 .text          0x000185fc       0xcc c:/actel/libero_v9.1/softconsole/sourcery-g++/bin/../lib/gcc/arm-none-eabi/4.4.1/../../../../arm-none-eabi/lib/thumb2\libc.a(lib_a-fclose.o)
                0x000185fc                _fclose_r
                0x000186b8                fclose
 .text          0x000186c8       0x2c c:/actel/libero_v9.1/softconsole/sourcery-g++/bin/../lib/gcc/arm-none-eabi/4.4.1/../../../../arm-none-eabi/lib/thumb2\libc.a(lib_a-fstatr.o)
                0x000186c8                _fstat_r
 .text          0x000186f4      0x5a8 c:/actel/libero_v9.1/softconsole/sourcery-g++/bin/../lib/gcc/arm-none-eabi/4.4.1/../../../../arm-none-eabi/lib/thumb2\libc.a(lib_a-gdtoa-gethex.o)
                0x000186f4                __hexdig_init
                0x000187e0                __gethex
 .text          0x00018c9c      0x1bc c:/actel/libero_v9.1/softconsole/sourcery-g++/bin/../lib/gcc/arm-none-eabi/4.4.1/../../../../arm-none-eabi/lib/thumb2\libc.a(lib_a-gdtoa-hexnan.o)
                0x00018c9c                __hexnan
 .text          0x00018e58       0x28 c:/actel/libero_v9.1/softconsole/sourcery-g++/bin/../lib/gcc/arm-none-eabi/4.4.1/../../../../arm-none-eabi/lib/thumb2\libc.a(lib_a-isattyr.o)
                0x00018e58                _isatty_r
 .text          0x00018e80       0x2c c:/actel/libero_v9.1/softconsole/sourcery-g++/bin/../lib/gcc/arm-none-eabi/4.4.1/../../../../arm-none-eabi/lib/thumb2\libc.a(lib_a-lseekr.o)
                0x00018e80                _lseek_r
 .text          0x00018eac       0x2c c:/actel/libero_v9.1/softconsole/sourcery-g++/bin/../lib/gcc/arm-none-eabi/4.4.1/../../../../arm-none-eabi/lib/thumb2\libc.a(lib_a-readr.o)
                0x00018eac                _read_r
 .text          0x00018ed8      0x278 c:/actel/libero_v9.1/softconsole/sourcery-g++/bin/../lib/gcc/arm-none-eabi/4.4.1/thumb2\libgcc.a(_udivsi3.o)
                0x00018ed8                __aeabi_uidiv
                0x00018ed8                __udivsi3
                0x00019134                __aeabi_uidivmod
 .text          0x00019150        0x4 c:/actel/libero_v9.1/softconsole/sourcery-g++/bin/../lib/gcc/arm-none-eabi/4.4.1/thumb2\libgcc.a(_dvmd_tls.o)
                0x00019150                __aeabi_idiv0
                0x00019150                __aeabi_ldiv0
 .text          0x00019154      0x370 c:/actel/libero_v9.1/softconsole/sourcery-g++/bin/../lib/gcc/arm-none-eabi/4.4.1/thumb2\libgcc.a(_arm_addsubdf3.o)
                0x00019154                __aeabi_drsub
                0x0001915c                __aeabi_dsub
                0x0001915c                __subdf3
                0x00019160                __aeabi_dadd
                0x00019160                __adddf3
                0x000193d8                __floatunsidf
                0x000193d8                __aeabi_ui2d
                0x000193f8                __floatsidf
                0x000193f8                __aeabi_i2d
                0x0001941c                __aeabi_f2d
                0x0001941c                __extendsfdf2
                0x00019458                __floatundidf
                0x00019458                __aeabi_ul2d
                0x00019468                __floatdidf
                0x00019468                __aeabi_l2d
 .text          0x000194c4      0x424 c:/actel/libero_v9.1/softconsole/sourcery-g++/bin/../lib/gcc/arm-none-eabi/4.4.1/thumb2\libgcc.a(_arm_muldivdf3.o)
                0x000194c4                __aeabi_dmul
                0x000194c4                __muldf3
                0x00019718                __divdf3
                0x00019718                __aeabi_ddiv
 .text          0x000198e8      0x110 c:/actel/libero_v9.1/softconsole/sourcery-g++/bin/../lib/gcc/arm-none-eabi/4.4.1/thumb2\libgcc.a(_arm_cmpdf2.o)
                0x000198e8                __gtdf2
                0x000198e8                __gedf2
                0x000198f0                __ltdf2
                0x000198f0                __ledf2
                0x000198f8                __nedf2
                0x000198f8                __eqdf2
                0x000198f8                __cmpdf2
                0x00019974                __aeabi_cdrcmple
                0x00019984                __aeabi_cdcmpeq
                0x00019984                __aeabi_cdcmple
                0x00019994                __aeabi_dcmpeq
                0x000199a8                __aeabi_dcmplt
                0x000199bc                __aeabi_dcmple
                0x000199d0                __aeabi_dcmpge
                0x000199e4                __aeabi_dcmpgt
 .text          0x000199f8       0x50 c:/actel/libero_v9.1/softconsole/sourcery-g++/bin/../lib/gcc/arm-none-eabi/4.4.1/thumb2\libgcc.a(_arm_fixdfsi.o)
                0x000199f8                __aeabi_d2iz
                0x000199f8                __fixdfsi
 .text          0x00019a48       0x40 c:/actel/libero_v9.1/softconsole/sourcery-g++/bin/../lib/gcc/arm-none-eabi/4.4.1/thumb2\libgcc.a(_arm_fixunsdfsi.o)
                0x00019a48                __aeabi_d2uiz
                0x00019a48                __fixunsdfsi
 .text          0x00019a88       0xa0 c:/actel/libero_v9.1/softconsole/sourcery-g++/bin/../lib/gcc/arm-none-eabi/4.4.1/thumb2\libgcc.a(_arm_truncdfsf2.o)
                0x00019a88                __truncdfsf2
                0x00019a88                __aeabi_d2f
 .text          0x00019b28       0xec c:/actel/libero_v9.1/softconsole/sourcery-g++/bin/../lib/gcc/arm-none-eabi/4.4.1/thumb2\libgcc.a(_arm_cmpsf2.o)
                0x00019b28                __gesf2
                0x00019b28                __gtsf2
                0x00019b30                __lesf2
                0x00019b30                __ltsf2
                0x00019b38                __nesf2
                0x00019b38                __eqsf2
                0x00019b38                __cmpsf2
                0x00019b98                __aeabi_cfrcmple
                0x00019ba0                __aeabi_cfcmpeq
                0x00019ba0                __aeabi_cfcmple
                0x00019bb0                __aeabi_fcmpeq
                0x00019bc4                __aeabi_fcmplt
                0x00019bd8                __aeabi_fcmple
                0x00019bec                __aeabi_fcmpge
                0x00019c00                __aeabi_fcmpgt
 .text          0x00019c14       0x2c c:/actel/libero_v9.1/softconsole/sourcery-g++/bin/../lib/gcc/arm-none-eabi/4.4.1/thumb2\libgcc.a(_aeabi_uldivmod.o)
                0x00019c14                __aeabi_uldivmod
 .text          0x00019c40       0x58 c:/actel/libero_v9.1/softconsole/sourcery-g++/bin/../lib/gcc/arm-none-eabi/4.4.1/thumb2\libgcc.a(bpabi.o)
                0x00019c40                __gnu_uldivmod_helper
                0x00019c6c                __gnu_ldivmod_helper
 .text          0x00019c98      0x364 c:/actel/libero_v9.1/softconsole/sourcery-g++/bin/../lib/gcc/arm-none-eabi/4.4.1/thumb2\libgcc.a(_divdi3.o)
                0x00019c98                __divdi3
 .text          0x00019ffc      0x300 c:/actel/libero_v9.1/softconsole/sourcery-g++/bin/../lib/gcc/arm-none-eabi/4.4.1/thumb2\libgcc.a(_udivdi3.o)
                0x00019ffc                __udivdi3
 *(.plt)
 *(.gnu.warning)
 *(.glue_7t)
 .glue_7t       0x00000000        0x0 linker stubs
 *(.glue_7)
 .glue_7        0x00000000        0x0 linker stubs
 *(.vfp11_veneer)
 .vfp11_veneer  0x00000000        0x0 linker stubs
                0x0001a2fc                . = ALIGN (0x4)
 *crtbegin.o(.ctors)
 *(EXCLUDE_FILE(*crtend.o) .ctors)
 *(SORT(.ctors.*))
 *crtend.o(.ctors)
 *crtbegin.o(.dtors)
 *(EXCLUDE_FILE(*crtend.o) .dtors)
 *(SORT(.dtors.*))
 *crtend.o(.dtors)
 *(.rodata .rodata.* .gnu.linkonce.r.*)
 .rodata        0x0001a2fc      0x110 ./main.o
 .rodata.http_http
                0x0001a40c        0x8 ./webclient/webclient-strings.o
                0x0001a40c                http_http
 .rodata.http_200
                0x0001a414        0x8 ./webclient/webclient-strings.o
                0x0001a414                http_200
 .rodata.http_301
                0x0001a41c        0x8 ./webclient/webclient-strings.o
                0x0001a41c                http_301
 .rodata.http_302
                0x0001a424        0x8 ./webclient/webclient-strings.o
                0x0001a424                http_302
 .rodata.http_get
                0x0001a42c        0x8 ./webclient/webclient-strings.o
                0x0001a42c                http_get
 .rodata.http_10
                0x0001a434        0xc ./webclient/webclient-strings.o
                0x0001a434                http_10
 .rodata.http_11
                0x0001a440        0xc ./webclient/webclient-strings.o
                0x0001a440                http_11
 .rodata.http_content_type
                0x0001a44c       0x10 ./webclient/webclient-strings.o
                0x0001a44c                http_content_type
 .rodata.http_location
                0x0001a45c        0xc ./webclient/webclient-strings.o
                0x0001a45c                http_location
 .rodata.http_host
                0x0001a468        0x8 ./webclient/webclient-strings.o
                0x0001a468                http_host
 .rodata.http_crnl
                0x0001a470        0x4 ./webclient/webclient-strings.o
                0x0001a470                http_crnl
 .rodata.http_user_agent_fields
                0x0001a474       0x50 ./webclient/webclient-strings.o
                0x0001a474                http_user_agent_fields
 .rodata        0x0001a4c4       0xa8 ./webclient/webclient.o
 .rodata.all_ones_addr
                0x0001a56c        0x4 ./uip/uip.o
 .rodata.all_zeroes_addr
                0x0001a570        0x4 ./uip/uip.o
 .rodata        0x0001a574      0x150 ./uip/uip.o
 .rodata.broadcast_ethaddr
                0x0001a6c4        0x8 ./uip/uip_arp.o
 .rodata.broadcast_ipaddr
                0x0001a6cc        0x4 ./uip/uip_arp.o
 .rodata.g_client_ip
                0x0001a6d0        0x4 ./mac/tcpip.o
 .rodata        0x0001a6d4       0x38 ./mac/tcpip.o
 .rodata        0x0001a70c       0x70 ./application_tasks/controller_task.o
 .rodata        0x0001a77c      0x308 ./application_tasks/http_task.o
 .rodata.delay_200ms
                0x0001aa84        0x2 ./application_tasks/lcd_task.o
 .rodata.delay_6ms
                0x0001aa86        0x2 ./application_tasks/nunchuck_task.o
 .rodata.LEFT   0x0001aa88        0x1 ./application_tasks/nunchuck_task.o
 .rodata.RIGHT  0x0001aa89        0x1 ./application_tasks/nunchuck_task.o
 .rodata.UP     0x0001aa8a        0x1 ./application_tasks/nunchuck_task.o
 .rodata.DOWN   0x0001aa8b        0x1 ./application_tasks/nunchuck_task.o
 .rodata.C      0x0001aa8c        0x1 ./application_tasks/nunchuck_task.o
 .rodata.Z      0x0001aa8d        0x1 ./application_tasks/nunchuck_task.o
 *fill*         0x0001aa8e        0x2 00
 .rodata        0x0001aa90       0x5c ./application_tasks/nunchuck_task.o
 .rodata        0x0001aaec       0x3c ./FreeRTOS/tasks.o
 .rodata.ucExpectedStackBytes.3565
                0x0001ab28       0x14 ./FreeRTOS/tasks.o
 .rodata        0x0001ab3c        0x8 ./FreeRTOS/timers.o
 .rodata        0x0001ab44       0x1c C:/Users/kylebs/Desktop/FreeRTOS-lwIP-takeDeux/FreeRTOS-lwIP/Webserver_uIPRTOS_SC_DF/EVAL_KIT/SF_Webserver_Demo/SoftConsole/Webserver_MSS_CM3_0/Webserver_MSS_CM3_0_hw_platform/Debug/CMSIS/startup_gcc/newlib_stubs.o
 .rodata        0x0001ab60       0x14 C:\Users\kylebs\Desktop\FreeRTOS-lwIP-takeDeux\FreeRTOS-lwIP\Webserver_uIPRTOS_SC_DF\EVAL_KIT\SF_Webserver_Demo\SoftConsole\Webserver_MSS_CM3_0\Webserver_MSS_CM3_0_hw_platform\Debug\libWebserver_MSS_CM3_0_hw_platform.a(plotter_platform.o)
 .rodata.g_pdma_status_mask
                0x0001ab74       0x10 C:\Users\kylebs\Desktop\FreeRTOS-lwIP-takeDeux\FreeRTOS-lwIP\Webserver_uIPRTOS_SC_DF\EVAL_KIT\SF_Webserver_Demo\SoftConsole\Webserver_MSS_CM3_0\Webserver_MSS_CM3_0_hw_platform\Debug\libWebserver_MSS_CM3_0_hw_platform.a(mss_pdma.o)
 .rodata.g_config_reg_lut
                0x0001ab84       0x80 C:\Users\kylebs\Desktop\FreeRTOS-lwIP-takeDeux\FreeRTOS-lwIP\Webserver_uIPRTOS_SC_DF\EVAL_KIT\SF_Webserver_Demo\SoftConsole\Webserver_MSS_CM3_0\Webserver_MSS_CM3_0_hw_platform\Debug\libWebserver_MSS_CM3_0_hw_platform.a(mss_gpio.o)
 .rodata.g_gpio_irqn_lut
                0x0001ac04       0x40 C:\Users\kylebs\Desktop\FreeRTOS-lwIP-takeDeux\FreeRTOS-lwIP\Webserver_uIPRTOS_SC_DF\EVAL_KIT\SF_Webserver_Demo\SoftConsole\Webserver_MSS_CM3_0\Webserver_MSS_CM3_0_hw_platform\Debug\libWebserver_MSS_CM3_0_hw_platform.a(mss_gpio.o)
 .rodata.C.18.2827
                0x0001ac44        0x8 C:\Users\kylebs\Desktop\FreeRTOS-lwIP-takeDeux\FreeRTOS-lwIP\Webserver_uIPRTOS_SC_DF\EVAL_KIT\SF_Webserver_Demo\SoftConsole\Webserver_MSS_CM3_0\Webserver_MSS_CM3_0_hw_platform\Debug\libWebserver_MSS_CM3_0_hw_platform.a(mss_ethernet_mac.o)
 .rodata        0x0001ac4c       0x28 C:\Users\kylebs\Desktop\FreeRTOS-lwIP-takeDeux\FreeRTOS-lwIP\Webserver_uIPRTOS_SC_DF\EVAL_KIT\SF_Webserver_Demo\SoftConsole\Webserver_MSS_CM3_0\Webserver_MSS_CM3_0_hw_platform\Debug\libWebserver_MSS_CM3_0_hw_platform.a(core_uart_apb.o)
 .rodata.C.18.2576
                0x0001ac74       0x10 C:\Users\kylebs\Desktop\FreeRTOS-lwIP-takeDeux\FreeRTOS-lwIP\Webserver_uIPRTOS_SC_DF\EVAL_KIT\SF_Webserver_Demo\SoftConsole\Webserver_MSS_CM3_0\Webserver_MSS_CM3_0_hw_platform\Debug\libWebserver_MSS_CM3_0_hw_platform.a(system_a2fxxxm3.o)
 .rodata.crc32_table
                0x0001ac84      0x400 C:\Users\kylebs\Desktop\FreeRTOS-lwIP-takeDeux\FreeRTOS-lwIP\Webserver_uIPRTOS_SC_DF\EVAL_KIT\SF_Webserver_Demo\SoftConsole\Webserver_MSS_CM3_0\Webserver_MSS_CM3_0_hw_platform\Debug\libWebserver_MSS_CM3_0_hw_platform.a(crc32.o)
 .rodata        0x0001b084        0x4 c:/actel/libero_v9.1/softconsole/sourcery-g++/bin/../lib/gcc/arm-none-eabi/4.4.1/../../../../arm-none-eabi/lib/thumb2\libc.a(lib_a-impure.o)
                0x0001b084                _global_impure_ptr
 .rodata.str1.4
                0x0001b088        0x2 c:/actel/libero_v9.1/softconsole/sourcery-g++/bin/../lib/gcc/arm-none-eabi/4.4.1/../../../../arm-none-eabi/lib/thumb2\libc.a(lib_a-impure.o)
                                  0x4 (size before relaxing)
 *fill*         0x0001b08a        0x2 00
 .rodata.str1.4
                0x0001b08c        0x2 c:/actel/libero_v9.1/softconsole/sourcery-g++/bin/../lib/gcc/arm-none-eabi/4.4.1/../../../../arm-none-eabi/lib/thumb2\libc.a(lib_a-puts.o)
                                  0x4 (size before relaxing)
 *fill*         0x0001b08e        0x2 00
 .rodata        0x0001b090       0x20 c:/actel/libero_v9.1/softconsole/sourcery-g++/bin/../lib/gcc/arm-none-eabi/4.4.1/../../../../arm-none-eabi/lib/thumb2\libc.a(lib_a-svfprintf.o)
 .rodata.str1.4
                0x0001b0b0       0x42 c:/actel/libero_v9.1/softconsole/sourcery-g++/bin/../lib/gcc/arm-none-eabi/4.4.1/../../../../arm-none-eabi/lib/thumb2\libc.a(lib_a-svfprintf.o)
                                 0x44 (size before relaxing)
 *fill*         0x0001b0f2        0x2 00
 .rodata        0x0001b0f4       0x24 c:/actel/libero_v9.1/softconsole/sourcery-g++/bin/../lib/gcc/arm-none-eabi/4.4.1/../../../../arm-none-eabi/lib/thumb2\libc.a(lib_a-svfscanf.o)
 .rodata.str1.4
                0x0001b118        0x5 c:/actel/libero_v9.1/softconsole/sourcery-g++/bin/../lib/gcc/arm-none-eabi/4.4.1/../../../../arm-none-eabi/lib/thumb2\libc.a(lib_a-svfscanf.o)
                                  0x8 (size before relaxing)
 *fill*         0x0001b11d        0x3 00
 .rodata        0x0001b120       0x20 c:/actel/libero_v9.1/softconsole/sourcery-g++/bin/../lib/gcc/arm-none-eabi/4.4.1/../../../../arm-none-eabi/lib/thumb2\libc.a(lib_a-vfprintf.o)
 .rodata.str1.4
                0x00000000       0x44 c:/actel/libero_v9.1/softconsole/sourcery-g++/bin/../lib/gcc/arm-none-eabi/4.4.1/../../../../arm-none-eabi/lib/thumb2\libc.a(lib_a-vfprintf.o)
 .rodata        0x0001b140      0x104 c:/actel/libero_v9.1/softconsole/sourcery-g++/bin/../lib/gcc/arm-none-eabi/4.4.1/../../../../arm-none-eabi/lib/thumb2\libc.a(lib_a-ctype_.o)
                0x0001b140                _ctype_
 .rodata.str1.4
                0x0001b244       0x10 c:/actel/libero_v9.1/softconsole/sourcery-g++/bin/../lib/gcc/arm-none-eabi/4.4.1/../../../../arm-none-eabi/lib/thumb2\libc.a(lib_a-dtoa.o)
                                 0x14 (size before relaxing)
 .rodata        0x0001b254       0x60 c:/actel/libero_v9.1/softconsole/sourcery-g++/bin/../lib/gcc/arm-none-eabi/4.4.1/../../../../arm-none-eabi/lib/thumb2\libc.a(lib_a-findfp.o)
                0x0001b254                __sf_fake_stdin
                0x0001b274                __sf_fake_stdout
                0x0001b294                __sf_fake_stderr
 .rodata        0x0001b2b4       0x34 c:/actel/libero_v9.1/softconsole/sourcery-g++/bin/../lib/gcc/arm-none-eabi/4.4.1/../../../../arm-none-eabi/lib/thumb2\libc.a(lib_a-locale.o)
 .rodata.str1.4
                0x0001b2e8        0xf c:/actel/libero_v9.1/softconsole/sourcery-g++/bin/../lib/gcc/arm-none-eabi/4.4.1/../../../../arm-none-eabi/lib/thumb2\libc.a(lib_a-locale.o)
                                 0x18 (size before relaxing)
 .rodata.str1.4
                0x00000000        0x4 c:/actel/libero_v9.1/softconsole/sourcery-g++/bin/../lib/gcc/arm-none-eabi/4.4.1/../../../../arm-none-eabi/lib/thumb2\libc.a(lib_a-mbrtowc.o)
 *fill*         0x0001b2f7        0x1 00
 .rodata        0x0001b2f8      0x128 c:/actel/libero_v9.1/softconsole/sourcery-g++/bin/../lib/gcc/arm-none-eabi/4.4.1/../../../../arm-none-eabi/lib/thumb2\libc.a(lib_a-mprec.o)
                0x0001b2f8                __mprec_tens